Archive member included to satisfy reference by file (symbol)

../../Compiler/COMMON/SGL_302j/LIB_ELF/SEGA_SYS.A(sys_exit.o)
                              ../../jo_engine/core.o (SYS_Exit)
../../Compiler/COMMON/SGL_302j/LIB_ELF/SEGA_SYS.A(sys_sub.o)
                              ../../Compiler/COMMON/SGL_302j/LIB_ELF/SEGA_SYS.A(sys_exit.o) (SYSUB_SetStackptr)
../../Compiler/COMMON/SGL_302j/LIB_ELF/LIBCD.A(CDC_CMN.O)
                              ../../Compiler/COMMON/SGL_302j/LIB_ELF/SEGA_SYS.A(sys_exit.o) (CDC_GetCurStat)
../../Compiler/COMMON/SGL_302j/LIB_ELF/LIBCD.A(CDC_CFS.O)
                              ../../Compiler/COMMON/SGL_302j/LIB_ELF/SEGA_SYS.A(sys_exit.o) (CDC_ChgDir)
../../Compiler/COMMON/SGL_302j/LIB_ELF/LIBCD.A(CDC_REG.O)
                              ../../Compiler/COMMON/SGL_302j/LIB_ELF/SEGA_SYS.A(sys_exit.o) (CDC_GetHirqReq)
../../Compiler/COMMON/SGL_302j/LIB_ELF/LIBCD.A(CDC_SUB.O)
                              ../../Compiler/COMMON/SGL_302j/LIB_ELF/LIBCD.A(CDC_CMN.O) (CDSUB_UpdStatus)
../../Compiler/COMMON/SGL_302j/LIB_ELF/LIBCD.A(GFS.O)
                              ../../jo_engine/fs.o (GFS_Init)
../../Compiler/COMMON/SGL_302j/LIB_ELF/LIBCD.A(GFS_BUF.O)
                              ../../Compiler/COMMON/SGL_302j/LIB_ELF/LIBCD.A(GFS.O) (GFBF_GetNumData)
../../Compiler/COMMON/SGL_302j/LIB_ELF/LIBCD.A(GFS_CDB.O)
                              ../../Compiler/COMMON/SGL_302j/LIB_ELF/LIBCD.A(GFS.O) (GFCB_Close)
../../Compiler/COMMON/SGL_302j/LIB_ELF/LIBCD.A(GFS_CDC.O)
                              ../../Compiler/COMMON/SGL_302j/LIB_ELF/LIBCD.A(GFS.O) (GFCD_SetCdbfs)
../../Compiler/COMMON/SGL_302j/LIB_ELF/LIBCD.A(GFS_CDF.O)
                              ../../Compiler/COMMON/SGL_302j/LIB_ELF/LIBCD.A(GFS.O) (GFCF_Init)
../../Compiler/COMMON/SGL_302j/LIB_ELF/LIBCD.A(GFS_DIR.O)
                              ../../Compiler/COMMON/SGL_302j/LIB_ELF/LIBCD.A(GFS.O) (GFDR_SetupDirTbl)
../../Compiler/COMMON/SGL_302j/LIB_ELF/LIBCD.A(GFS_TRN.O)
                              ../../Compiler/COMMON/SGL_302j/LIB_ELF/LIBCD.A(GFS.O) (GFTR_Setup)
../../Compiler/COMMON/SGL_302j/LIB_ELF/LIBCD.A(CDC_DRV.O)
                              ../../Compiler/COMMON/SGL_302j/LIB_ELF/LIBCD.A(GFS_CDC.O) (CDC_CdPlay)
../../Compiler/COMMON/SGL_302j/LIB_ELF/LIBCD.A(CDC_DEV.O)
                              ../../Compiler/COMMON/SGL_302j/LIB_ELF/LIBCD.A(GFS_CDC.O) (CDC_CdSetCon)
../../Compiler/COMMON/SGL_302j/LIB_ELF/LIBCD.A(CDC_SEL.O)
                              ../../Compiler/COMMON/SGL_302j/LIB_ELF/LIBCD.A(GFS_CDC.O) (CDC_SetFiltRange)
../../Compiler/COMMON/SGL_302j/LIB_ELF/LIBCD.A(CDC_BIF.O)
                              ../../Compiler/COMMON/SGL_302j/LIB_ELF/LIBCD.A(GFS_CDC.O) (CDC_GetBufSiz)
../../Compiler/COMMON/SGL_302j/LIB_ELF/LIBCD.A(CDC_BIO.O)
                              ../../Compiler/COMMON/SGL_302j/LIB_ELF/LIBCD.A(GFS_CDC.O) (CDC_SetSctLen)
../../Compiler/COMMON/SGL_302j/LIB_ELF/LIBSGL.A(sglA01.o)
                              ../../jo_engine/math.o (slSin)
../../Compiler/COMMON/SGL_302j/LIB_ELF/LIBSGL.A(sglA15.o)
                              ../../jo_engine/slave.o (slSlaveFunc)
../../Compiler/COMMON/SGL_302j/LIB_ELF/LIBSGL.A(sglA16.o)
                              main.o (slLookAt)
../../Compiler/COMMON/SGL_302j/LIB_ELF/LIBSGL.A(sglA17.o)
                              main.o (slRotZ)
../../Compiler/COMMON/SGL_302j/LIB_ELF/LIBSGL.A(sglA18.o)
                              main.o (slRotY)
../../Compiler/COMMON/SGL_302j/LIB_ELF/LIBSGL.A(sglA19.o)
                              main.o (slRotX)
../../Compiler/COMMON/SGL_302j/LIB_ELF/LIBSGL.A(sglA20.o)
                              ../../jo_engine/core.o (slUnitMatrix)
../../Compiler/COMMON/SGL_302j/LIB_ELF/LIBSGL.A(sglA21.o)
                              main.o (slPushMatrix)
../../Compiler/COMMON/SGL_302j/LIB_ELF/LIBSGL.A(sglA27.o)
                              main.o (slTranslate)
../../Compiler/COMMON/SGL_302j/LIB_ELF/LIBSGL.A(sglB001.o)
                              main.o (slTVOn)
../../Compiler/COMMON/SGL_302j/LIB_ELF/LIBSGL.A(sglB011.o)
                              ../../jo_engine/vdp2.o (slBitMapNbg1)
../../Compiler/COMMON/SGL_302j/LIB_ELF/LIBSGL.A(sglB014.o)
                              ../../jo_engine/vdp2.o (slScrTransparent)
../../Compiler/COMMON/SGL_302j/LIB_ELF/LIBSGL.A(sglB015.o)
                              ../../jo_engine/vdp2.o (slScrAutoDisp)
../../Compiler/COMMON/SGL_302j/LIB_ELF/LIBSGL.A(sglB016.o)
                              ../../jo_engine/vdp2.o (slBack1ColSet)
../../Compiler/COMMON/SGL_302j/LIB_ELF/LIBSGL.A(sglB020.o)
                              ../../jo_engine/vdp2.o (slColorCalc)
../../Compiler/COMMON/SGL_302j/LIB_ELF/LIBSGL.A(sglB021.o)
                              ../../jo_engine/vdp2.o (slColorCalcOn)
../../Compiler/COMMON/SGL_302j/LIB_ELF/LIBSGL.A(sglB023.o)
                              ../../jo_engine/vdp2.o (slColRate)
[...]
Memory Configuration

Name             Origin             Length             Attributes
*default*        0x00000000         0xffffffff

Linker script and memory map


SLSTART         0x06004000       0x30
                0x06004000                ___Start = .
 *(SLSTART)
 SLSTART        0x06004000       0x28 ../../Compiler/COMMON/SGL_302j/LIB_ELF/LIBSGL.A(sglI00.o)
                0x06004000                SGL_Start
                0x06004002                slStartSGL

.text           0x06004040    0x12500
 *(.text)
 .text          0x06004040        0x0 ../../Compiler/COMMON/SGL_302j/LIB_ELF/SGLAREA.O
 .text          0x06004040     0x1330 main.o
                0x06004040                my_tga_palette_handling
                0x060040c4                distance
                0x060040d4                interpolate_intverts
                0x06004248                interpolate_fixedverts
                0x060043b4                move
                0x060044a0                animate
                0x06004648                draw_mesh
                0x0600474c                create_house
                0x060047f8                create_mound
                0x06004870                create_cask
                0x06004914                create_arm
                0x0600497c                debug_menu
                0x06004a84                draw_objects
                0x06004bbc                init_3d_planes
                0x06004c2c                controls
                0x06004fb8                wall_collission
                0x06005108                terrain_collission
                0x06005178                my_draw
                0x0600520c                initialise
                0x06005340                jo_main
 .text          0x06005370      0xaf0 ../../jo_engine/tga.o
                0x060055ec                jo_set_tga_default_palette
                0x060055f8                jo_set_tga_palette_handling
                0x06005604                __jo_tga_load
                0x06005724                __jo_tga_any_loader_from_stream
                0x0600576c                jo_tga_8bits_loader_from_stream
                0x06005784                jo_tga_loader_from_stream
                0x0600579c                __jo_tga_any_loader
                0x060057ec                jo_tga_8bits_loader
                0x06005808                jo_tga_loader
                0x06005824                jo_tga_8bits_tileset_loader
                0x06005a60                jo_sprite_add_tga_tileset
                0x06005cb8                jo_sprite_add_tga_from_stream
                0x06005d70                jo_sprite_add_tga
 .text          0x06005e60      0xa3c ../../jo_engine/3d.o
                0x06005ec8                jo_3d_init
                0x06005ef8                jo_3d_create_triangle
                0x06005f34                jo_3d_create_plane
                0x06005f74                jo_3d_create_mesh_from_vertices_and_normals
                0x06006088                jo_3d_free_mesh
                0x060060dc                jo_3d_create_cube
                0x06006138                jo_3d_set_mesh_polygon_transparency
                0x060061ac                jo_3d_set_mesh_transparency
                0x06006218                jo_3d_set_mesh_polygon_screen_doors
                0x06006290                jo_3d_set_mesh_polygon_high_speed_shrink
                0x06006308                jo_3d_set_mesh_high_speed_shrink
                0x06006374                jo_3d_set_mesh_screen_doors
                0x060063e0                jo_3d_set_mesh_polygon_light
                0x06006450                jo_3d_set_mesh_light
                0x060064bc                jo_3d_set_mesh_polygon_texture
                0x06006588                jo_3d_set_mesh_texture
                0x060065f4                jo_3d_set_mesh_polygon_wireframe
                0x06006648                jo_3d_set_mesh_polygon_color_ex
                0x06006704                jo_3d_set_mesh_color
                0x06006774                jo_3d_free_sprite_quad
                0x060067a0                jo_3d_create_sprite_quad
 .text          0x0600689c      0x960 ../../jo_engine/fs.o
                0x06006904                jo_fs_init
                0x060069b4                jo_fs_do_background_jobs
                0x06006a70                jo_fs_read_file_async_ptr
                0x06006c14                jo_fs_cd
                0x06006c84                jo_fs_read_file_ptr
                0x06006e20                jo_fs_read_file_in_dir
                0x06006e6c                jo_fs_open
                0x06006f68                jo_fs_seek_forward
                0x06007078                jo_fs_read_next_bytes
                0x06007170                jo_fs_close
                0x060071bc                jo_fs_set_read_sector_count
 .text          0x060071fc      0x158 ../../jo_engine/slave.o
                0x0600727c                jo_core_add_slave_callback
                0x060072cc                jo_core_remove_slave_callback
                0x0600730c                jo_core_slave_init
                0x0600731c                jo_core_wait_for_slave
                0x06007340                jo_core_exec_on_slave
 .text          0x06007354      0x574 ../../jo_engine/font.o
                0x060073bc                jo_font_load
                0x0600764c                jo_font_print
                0x06007770                jo_font_print_centered
 .text          0x060078c8      0x164 ../../jo_engine/input.o
                0x06007930                jo_get_inputs_vblank
                0x06007978                jo_get_input_type
                0x060079c0                jo_get_input_count
                0x060079e4                jo_get_input_axis
 .text          0x06007a2c        0x0 ../../jo_engine/physics.o
 .text          0x06007a2c      0x988 ../../jo_engine/core.o
                0x06007adc                __jo_core_set_screens_order
                0x06007c14                jo_goto_boot_menu
                0x06007c20                jo_core_suspend
                0x06007d00                __jo_core_error
                0x06007e20                jo_core_add_vblank_callback
                0x06007ea4                jo_core_init
                0x06008138                jo_core_remove_vblank_callback
                0x06008198                jo_core_add_callback
                0x060081e8                jo_core_remove_callback
                0x06008228                jo_core_set_restart_game_callback
                0x06008234                jo_core_run
                0x060082fc                jo_dump_vdp1_registers
                0x06008358                jo_dump_vdp2_registers
 .text          0x060083b4      0xb90 ../../jo_engine/math.o
                0x0600841c                jo_fixed_mult
                0x06008430                jo_fixed_dot
                0x06008448                jo_fixed_pow
                0x06008480                jo_fixed_div
                0x060084a8                jo_fixed_sin
                0x06008504                jo_fixed_cos
                0x06008560                jo_gcd
                0x060085c8                jo_atan2f_rad
                0x0600878c                jo_planar_rotate
                0x06008984                jo_random
                0x060089f4                jo_vector_fixed_compute_bezier_point
                0x06008b84                jo_vectorf_compute_bezier_point
                0x06008cd4                jo_fixed_sqrt
                0x06008d84                jo_sqrt
                0x06008dc4                jo_fixed_rsqrt
                0x06008ed4                jo_rsqrt
 .text          0x06008f44      0x4b4 ../../jo_engine/malloc.o
                0x06008fac                jo_add_memory_zone
                0x0600901c                jo_malloc_with_behaviour
                0x06009168                jo_reduce_memory_fragmentation
                0x060091dc                jo_free
                0x06009258                jo_memory_usage_percent
                0x0600935c                jo_memory_fragmentation
 .text          0x060093f8      0x4a8 ../../jo_engine/tools.o
                0x06009460                jo_print
                0x060094b0                jo_clear_screen_line
                0x060094f8                jo_clear_screen
                0x0600951c                jo_getdate
                0x060095b8                jo_get_current_language
                0x060095dc                jo_tools_atoi
                0x0600965c                jo_strlen
                0x060096ac                jo_endwith
                0x06009758                jo_strcmp
                0x06009788                jo_memset
                0x0600982c                jo_map_to_vram
 .text          0x060098a0      0x134 ../../jo_engine/palette.o
                0x06009908                jo_create_palette
                0x0600995c                jo_set_palette_register
                0x060099c0                jo_get_palette_register
 .text          0x060099d4      0xa30 ../../jo_engine/sprites.o
                0x06009b70                jo_sprite_usage_percent
                0x06009bfc                jo_get_last_sprite_id
                0x06009c08                jo_sprite_init
                0x06009c8c                jo_sprite_name2id
                0x06009d04                jo_sprite_replace
                0x06009e24                jo_sprite_add
                0x06009e70                jo_sprite_add_8bits_image
                0x06009ebc                jo_sprite_free_from
                0x06009f64                jo_set_gouraud_shading_colors
                0x06009f8c                jo_set_gouraud_shading_brightness
                0x06009fcc                jo_sprite_draw_4p_fixed
                0x0600a0e4                jo_sprite_draw
                0x0600a230                jo_sprite_draw_rotate
                0x0600a3d0                jo_sprite_set_clipping_area
 .text          0x0600a404      0xb38 ../../jo_engine/map.o
                0x0600a534                jo_map_per_pixel_vertical_collision
                0x0600a6c8                jo_map_hitbox_detection_custom_boundaries
                0x0600a738                jo_map_create
                0x0600a7b4                jo_map_add_tile
                0x0600a7d8                jo_map_add_animated_tile
                0x0600a7fc                jo_map_draw_background
                0x0600a894                jo_map_3d_draw
                0x0600a9d0                jo_map_draw
                0x0600aacc                jo_map_free
                0x0600aae4                jo_map_load_from_file
                0x0600aebc                jo_map_move_tiles_by_attribute
 .text          0x0600af3c      0x200 ../../jo_engine/list.o
                0x0600afa4                jo_list_init
                0x0600afb4                jo_list_add
                0x0600b02c                jo_list_insert_at
                0x0600b0dc                jo_list_remove
 .text          0x0600b13c      0x2bc ../../jo_engine/sprite_animator.o
                0x0600b250                jo_replace_sprite_anim
                0x0600b304                jo_create_sprite_anim
                0x0600b3d0                jo_clear_all_sprite_anim
 .text          0x0600b3f8      0x7b0 ../../jo_engine/image.o
                0x0600b460                __jo_bin_load
                0x0600b4b0                jo_free_img
                0x0600b4f8                jo_bin_loader_from_stream
                0x0600b5c8                jo_bin_loader
                0x0600b64c                jo_replace_color
                0x0600b6b8                jo_sprite_add_bin_tileset
                0x0600b8b0                jo_sprite_add_bin
                0x0600b97c                jo_sprite_add_bin_from_stream
                0x0600ba14                jo_sprite_add_image_pack
 .text          0x0600bba8      0xc20 ../../jo_engine/vdp2.o
                0x0600bc8c                jo_set_default_background_color
                0x0600bccc                jo_img_to_vdp2_cells
                0x0600bdf0                jo_vdp2_replace_rbg0_plane_a_8bits_image
                0x0600be04                jo_vdp2_replace_rbg0_plane_b_8bits_image
                0x0600be18                jo_vdp2_set_rbg0_plane_a_8bits_image
                0x0600bee0                jo_vdp2_set_rbg0_plane_b_8bits_image
                0x0600bfa8                jo_vdp2_enable_rbg0
                0x0600c07c                jo_vdp2_disable_rbg0
                0x0600c094                jo_init_nbg0_printf
                0x0600c118                __jo_init_vdp2
                0x0600c17c                jo_vdp2_disable_nbg0_line_scroll
                0x0600c1a0                jo_vdp2_compute_nbg0_line_scroll
                0x0600c1b8                jo_vdp2_enable_nbg0_line_scroll
                0x0600c228                jo_vdp2_draw_bitmap_nbg1_line
                0x0600c2fc                jo_vdp2_clear_bitmap_nbg1
                0x0600c36c                jo_vdp2_set_nbg1_8bits_image
                0x0600c45c                jo_vdp2_set_nbg1_image
                0x0600c5b4                jo_vdp2_disable_nbg1_line_scroll
                0x0600c5d8                jo_vdp2_compute_nbg1_line_scroll
                0x0600c5f0                jo_vdp2_enable_nbg1_line_scroll
                0x0600c660                jo_set_displayed_screens
                0x0600c670                jo_disable_all_screens_transparency
                0x0600c694                jo_enable_screen_transparency
 .text          0x0600c7c8      0x280 ../../jo_engine/time.o
                0x0600c830                jo_time_init
                0x0600c85c                jo_get_ticks
                0x0600c93c                jo_fixed_point_time
 .text          0x0600ca48       0x68 ../../jo_engine/vdp1_command_pipeline.o
 .text          0x0600cab0      0x334 ../../jo_engine/vdp2_malloc.o
                0x0600cb18                jo_vdp2_malloc_init
                0x0600cb50                jo_vdp2_free
                0x0600cc10                jo_vdp2_malloc
 *fill*         0x0600cde4        0xc 
 .text          0x0600cdf0      0x238 ../../Compiler/COMMON/SGL_302j/LIB_ELF/SEGA_SYS.A(sys_exit.o)
                0x0600cdf0                sys_version
                0x0600ce10                SYS_Exit
 *fill*         0x0600d028        0x8 
 .text          0x0600d030        0x6 ../../Compiler/COMMON/SGL_302j/LIB_ELF/SEGA_SYS.A(sys_sub.o)
                0x0600d030                SYSUB_SetStackptr
 *fill*         0x0600d036        0xa 
 .text          0x0600d040      0x3a0 ../../Compiler/COMMON/SGL_302j/LIB_ELF/LIBCD.A(CDC_CMN.O)
                0x0600d040                CDC_GetCurStat
                0x0600d090                CDC_GetLastStat
                0x0600d0a8                CDC_GetPeriStat
                0x0600d17c                CDC_GetHwInfo
                0x0600d1e4                CDC_TgetToc
                0x0600d234                CDC_GetSes
                0x0600d270                CDC_CdInit
                0x0600d2f4                CDC_CdOpen
                0x0600d31c                CDC_DataReady
                0x0600d388                CDC_DataEnd
 .text          0x0600d3e0      0x194 ../../Compiler/COMMON/SGL_302j/LIB_ELF/LIBCD.A(CDC_CFS.O)
                0x0600d3e0                CDC_ChgDir
                0x0600d414                CDC_ReadDir
                0x0600d448                CDC_GetFileScope
                0x0600d4a8                CDC_TgetFileInfo
                0x0600d504                CDC_ReadFile
                0x0600d538                CDC_AbortFile
 *fill*         0x0600d574        0xc 
 .text          0x0600d580      0x2dc ../../Compiler/COMMON/SGL_302j/LIB_ELF/LIBCD.A(CDC_REG.O)
                0x0600d580                CDC_GetDataPtr
                0x0600d590                CDC_GetHirqReq
                0x0600d5a4                CDC_ClrHirqReq
                0x0600d5d4                CDREG_ClrHirqReq
                0x0600d5e4                CDREG_InitHirqReq
                0x0600d60c                CDREG_SetHirqFlag
                0x0600d620                CDC_GetHirqMsk
                0x0600d634                CDC_SetHirqMsk
                0x0600d644                CDC_GetMpegPtr
                0x0600d654                CDREG_TgetData
                0x0600d6b0                CDREG_CmdRsp
                0x0600d7b0                CDREG_WaitHirq
                0x0600d820                CDREG_ReadRsp
 *fill*         0x0600d85c        0x4 
 .text          0x0600d860      0x152 ../../Compiler/COMMON/SGL_302j/LIB_ELF/LIBCD.A(CDC_SUB.O)
                0x0600d860                CDSUB_UpdStatus
                0x0600d878                CDSUB_UpdCdstat
                0x0600d898                CDSUB_CdCmd
                0x0600d908                CDSUB_GetCdstat
                0x0600d948                CDSUB_RspToCdstat
                0x0600d990                CDSUB_SoftTimer
 *fill*         0x0600d9b2        0xe 
 .text          0x0600d9c0     0x1adc ../../Compiler/COMMON/SGL_302j/LIB_ELF/LIBCD.A(GFS.O)
                0x0600d9c0                gfs_version
                0x0600d9e0                GFS_Init
                0x0600dac8                GFS_LoadDir
                0x0600db70                GFS_SetDir
                0x0600dbd8                GFS_NameToId
                0x0600dc3c                GFS_IdToName
                0x0600dca8                GFS_GetDirInfo
                0x0600dd18                GFS_Reset
                0x0600dd9c                GFS_Open
                0x0600de50                GFS_Close
                0x0600de88                GFS_Seek
                0x0600df3c                GFS_Tell
                0x0600df8c                GFS_IsEof
                0x0600dfe0                GFS_ByteToSct
                0x0600e03c                GFS_GetFileSize
                0x0600e098                GFS_GetFileInfo
                0x0600e10c                GFS_GetNumCdbuf
                0x0600e134                GFS_Load
                0x0600e1f8                GFS_Fread
                0x0600e294                gfs_waitRead
                0x0600e33c                GFS_NwFread
                0x0600e448                GFS_NwCdRead
                0x0600e4c0                GFS_NwIsComplete
                0x0600e4f8                GFS_NwStop
                0x0600e564                GFS_NwGetStat
                0x0600e5e0                gfs_recovRdErr
                0x0600e610                GFS_NwExecOne
                0x0600e6d0                GFS_NwExecServer
                0x0600e74c                GFS_SetGmode
                0x0600e7b0                GFS_SetTmode
                0x0600e81c                GFS_SetReadPara
                0x0600e880                GFS_SetTransPara
                0x0600e8ec                GFS_SetTrFunc
                0x0600e950                GFS_StartTrans
                0x0600e99c                GFS_CdMovePickup
                0x0600ea08                GFS_SetErrFunc
                0x0600ea34                GFS_GetErrStat
                0x0600ea58                GFS_ConvTno
                0x0600ea80                gfs_chgRoot
                0x0600eb4c                gfs_aborttrans
                0x0600eb58                gfs_mngSetupFuncTbl
                0x0600eb8c                gfs_mngInitWork
                0x0600ec30                gfs_mngGetNumFile
                0x0600ec98                GFS_mngAllocGrp
                0x0600ece0                gfs_mngFreeGrp
                0x0600ecec                gfs_mngTermAccess
                0x0600ed70                gfs_mngSetErrCode
                0x0600edf0                gfs_svrSearchHndl
                0x0600ee30                gfs_svrAddHndl
                0x0600ee6c                gfs_svrRemoveHndl
                0x0600eec8                GFS_OpenSub
                0x0600ef20                gfs_loadVol
                0x0600efe4                gfs_getRootDir
                0x0600f0e0                gfs_loadRootDir
                0x0600f168                gfs_flowIn
                0x0600f210                gfs_transData
                0x0600f2b4                GFS_GetFad
                0x0600f30c                gfs_SetSct
                0x0600f34c                gfs_GetFinfo
                0x0600f38c                gfs_closeSub
                0x0600f3c8                gfs_getGmode
                0x0600f3d4                gfs_isTaskDone
                0x0600f428                gfs_convFinStat
 *fill*         0x0600f49c        0x4 
 .text          0x0600f4a0      0x106 ../../Compiler/COMMON/SGL_302j/LIB_ELF/LIBCD.A(GFS_BUF.O)
                0x0600f4d0                GFBF_GetTranData
                0x0600f4f8                GFBF_GetNumData
                0x0600f528                GFBF_GetSrcPk
                0x0600f550                GFBF_GetSctData
                0x0600f574                GFBF_RtnPk
                0x0600f59c                gfbf_getSctDt
 *fill*         0x0600f5a6        0xa 
 .text          0x0600f5b0      0x600 ../../Compiler/COMMON/SGL_302j/LIB_ELF/LIBCD.A(GFS_CDB.O)
                0x0600f5b0                GFCB_Setup
                0x0600f6d0                GFCB_Close
                0x0600f6f8                GFCB_GetLenData
                0x0600f7a4                GFCB_GetLenRoom
                0x0600f7b0                GFCB_SetFilt
                0x0600f818                GFCB_DeleteAllData
                0x0600f840                GFCB_Tell
                0x0600f850                gfcb_getSctNum
                0x0600f8a0                GFCB_Seek
                0x0600f99c                GFCB_GetSrcPack
                0x0600fa7c                GFCB_GetSctData
                0x0600fab4                GFCB_GetDstPack
                0x0600fac0                GFCB_RtnPk
                0x0600fb08                GFCB_MovePickup
                0x0600fb24                GFCB_SetCon
                0x0600fb58                GFCB_GetPickup
                0x0600fb80                GFCB_IsPuOwner
                0x0600fb98                GFCB_UngetPickup
 .text          0x0600fbb0     0x1a10 ../../Compiler/COMMON/SGL_302j/LIB_ELF/LIBCD.A(GFS_CDC.O)
                0x0600fbb0                GFCD_SetCdbfs
                0x0600fbdc                GFCD_Init
                0x0600fde0                GFCD_AllocFilt
                0x0600fe1c                GFCD_FreeFilt
                0x0600fe4c                GFCD_AllocBuf
                0x0600fe80                GFCD_FreeBuf
                0x0600ff24                GFCD_GetBaseFad
                0x0600ff58                GFCD_GetPickup
                0x0600ff8c                GFCD_UngetPickup
                0x0600ffb8                GFCD_IsPuOwner
                0x0600ffdc                GFCD_SetFilt
                0x060100a0                GFCD_GetFilt
                0x060100e8                GFCD_SetCon
                0x06010140                GFCD_Play
                0x060101a0                GFCD_GetLenData
                0x06010208                GFCD_ReqData
                0x06010264                GFCD_EndData
                0x060102ac                GFCD_DelSctData
                0x06010304                GFCD_CheckDelSctData
                0x06010334                GFCD_GetStat
                0x060103e8                GFCD_MovePickup
                0x06010434                GFCD_MoveSctData
                0x060104a8                GFCD_CheckMove
                0x060104cc                GFCD_GetSctInfo
                0x06010514                GFCD_ChgDir
                0x06010588                GFCD_SetFiltCon
                0x06010670                GFCD_GetFileInfo
                0x0601074c                GFCD_GetBufSiz
                0x06010784                GFCD_ExecServer
                0x06010858                gfcd_isIdleTask
                0x060108e4                gfcd_doTask
                0x06010990                GFCD_SetTimer
                0x060109a4                GFCD_WaitServer
                0x060109e0                gfcd_doSetFiltTsk
                0x06010ba4                gfcd_doSetConTsk
                0x06010c34                gfcd_doGetLenDataTsk
                0x06010d88                gfcd_doReqDataTsk
                0x06010e28                gfcd_doDelSctDataTsk
                0x06010f5c                gfcd_doMoveSctTsk
                0x060110c0                gfcd_doChgDirTsk
                0x060112bc                gfcd_doSetFiltConTsk
                0x06011400                gfcd_checkEflag
                0x06011424                gfcd_initCdbMng
                0x060114a4                gfcd_setStat
                0x060114d0                GFCD_SetCsctFunc
                0x060114ec                GFCD_ChkScdqFlag
                0x06011510                GFCD_ClrScdqFlag
                0x0601152c                GFCD_WaitScdqFlag
                0x06011570                GFCD_WaitPause
 .text          0x060115c0      0x8d8 ../../Compiler/COMMON/SGL_302j/LIB_ELF/LIBCD.A(GFS_CDF.O)
                0x060115c0                GFCF_Init
                0x06011660                GFCF_Setup
                0x060117a8                GFCF_SetSct
                0x060117ec                GFCF_GetFileInfo
                0x06011860                GFCF_FlowInBuf
                0x060119b4                GFCF_StopInBuf
                0x06011a54                GFCF_Recover
                0x06011a9c                GFCF_Tell
                0x06011ab4                GFCF_Seek
                0x06011acc                GFCF_MovePickup
                0x06011b68                GFCF_cnvIntlvOfs
                0x06011bbc                GFCF_GetStat
                0x06011c54                gfcf_getSctSize
                0x06011c90                gfcf_isCdOk
                0x06011d50                gfcf_getPlayRange
 *fill*         0x06011e98        0x8 
 .text          0x06011ea0      0x92c ../../Compiler/COMMON/SGL_302j/LIB_ELF/LIBCD.A(GFS_DIR.O)
                0x06011ea0                GFDR_SetupDirTbl
                0x06011f14                GFDR_NameToId
                0x06011f74                GFDR_GetInfoDirId
                0x06011f88                GFDR_GetInfoDirName
                0x06011f9c                GFDR_GetAtrDirId
                0x06011fb4                GFDR_GetAtrDirName
                0x06011fcc                GFDR_ChgRoot
                0x06011fe4                GFDR_ChgDir
                0x06012058                gfdr_setupDirIdTbl
                0x060120dc                gfdr_setupDirNameTbl
                0x06012188                gfdr_open
                0x060121b0                gfdr_read
                0x06012270                gfdr_readByte
                0x0601229c                gfdr_readWord
                0x060122c8                gfdr_readWordNB
                0x0601231c                gfdr_readLongNB
                0x06012368                gfdr_readLongNM
                0x06012390                gfdr_setNextRec
                0x06012414                gfdr_readDirEnt
                0x06012790                gfdr_setDirrecCd
 *fill*         0x060127cc        0x4 
 .text          0x060127d0      0x9c6 ../../Compiler/COMMON/SGL_302j/LIB_ELF/LIBCD.A(GFS_TRN.O)
                0x06012800                GFTR_Setup
                0x06012844                GFTR_SetMode
                0x06012858                GFTR_SetUnit
                0x06012864                GFTR_SetTransPara
                0x06012898                GFTR_GetTransPara
                0x060128a4                GFTR_GetNumTrans
                0x060128b0                GFTR_SetTransMax
                0x060128bc                GFTR_Start
                0x060128c8                GFTR_Pause
                0x060128d4                GFTR_Stop
                0x0601298c                GFTR_Exec
                0x06012a10                GFTR_Idle
                0x06012a88                GFTR_ExecSvr
                0x06012b90                gftr_getSrcPack
                0x06012c18                gftr_getDstPack
                0x06012c74                gftr_reqScu
                0x06012c80                gftr_execScu
                0x06012d1c                gftr_remScu
                0x06012d50                gfdma_canUse
                0x06012d5c                gfdma_exec
                0x06012dcc                gfdma_getBytecnt
                0x06012e04                gftr_reqDma0
                0x06012e1c                gftr_execSdma0
                0x06012e40                gftr_remDma0
                0x06012e58                gftr_reqDma1
                0x06012e70                gftr_execSdma1
                0x06012e94                gftr_remDma1
                0x06012eac                gftr_reqCpu
                0x06012eb8                gftr_execCpu
                0x06012ef8                gftr_remCpu
                0x06012f04                gftr_reqTrn
                0x06012f74                gftr_execTrn
                0x0601304c                gftr_remTrn
                0x060130c0                gftr_copyFrac
                0x060130e8                GFTR_GetLenData
                0x060130f4                GFTR_GetLenRoom
                0x0601310c                GFTR_GetDstPack
                0x06013140                GFTR_RtnDstPk
                0x0601315c                GFTR_GetData
                0x06013170                GFTR_SetData
                0x06013184                GFTR_SetTransFunc
 *fill*         0x06013196        0xa 
 .text          0x060131a0      0x130 ../../Compiler/COMMON/SGL_302j/LIB_ELF/LIBCD.A(CDC_DRV.O)
                0x060131a0                CDC_CdPlay
                0x0601326c                CDC_CdSeek
                0x060132a0                CDC_CdScan
 .text          0x060132d0       0xa8 ../../Compiler/COMMON/SGL_302j/LIB_ELF/LIBCD.A(CDC_DEV.O)
                0x060132d0                CDC_CdSetCon
                0x06013300                CDC_CdGetCon
                0x0601333c                CDC_CdGetLastBuf
 *fill*         0x06013378        0x8 
 .text          0x06013380      0x2b8 ../../Compiler/COMMON/SGL_302j/LIB_ELF/LIBCD.A(CDC_SEL.O)
                0x06013380                CDC_SetFiltRange
                0x060133b4                CDC_GetFiltRange
                0x0601340c                CDC_SetFiltSubh
                0x0601347c                CDC_GetFiltSubh
                0x060134f8                CDC_SetFiltMode
                0x0601352c                CDC_GetFiltMode
                0x06013570                CDC_SetFiltCon
                0x060135b0                CDC_GetFiltCon
                0x06013604                CDC_ResetSelector
 *fill*         0x06013638        0x8 
 .text          0x06013640      0x270 ../../Compiler/COMMON/SGL_302j/LIB_ELF/LIBCD.A(CDC_BIF.O)
                0x06013640                CDC_GetBufSiz
                0x0601369c                CDC_GetSctNum
                0x060136e0                CDC_CalActSiz
                0x0601371c                CDC_GetActSiz
                0x0601379c                CDC_GetSctInfo
                0x0601381c                CDC_ExeFadSearch
                0x06013854                CDC_GetFadSearch
 .text          0x060138b0      0x1e4 ../../Compiler/COMMON/SGL_302j/LIB_ELF/LIBCD.A(CDC_BIO.O)
                0x060138b0                CDC_SetSctLen
                0x060138e4                CDC_GetSctData
                0x06013920                CDC_DelSctData
                0x0601395c                CDC_GetdelSctData
                0x06013998                CDC_PutSctData
                0x060139d0                CDC_CopySctData
                0x06013a14                CDC_MoveSctData
                0x06013a58                CDC_GetCopyErr
 *fill*         0x06013a94        0xc 
 .text          0x06013aa0        0x0 ../../Compiler/COMMON/SGL_302j/LIB_ELF/LIBSGL.A(sglA01.o)
 .text          0x06013aa0        0x0 ../../Compiler/COMMON/SGL_302j/LIB_ELF/LIBSGL.A(sglA15.o)
 .text          0x06013aa0        0x0 ../../Compiler/COMMON/SGL_302j/LIB_ELF/LIBSGL.A(sglA16.o)
 .text          0x06013aa0        0x0 ../../Compiler/COMMON/SGL_302j/LIB_ELF/LIBSGL.A(sglA17.o)
 .text          0x06013aa0        0x0 ../../Compiler/COMMON/SGL_302j/LIB_ELF/LIBSGL.A(sglA18.o)
 .text          0x06013aa0        0x0 ../../Compiler/COMMON/SGL_302j/LIB_ELF/LIBSGL.A(sglA19.o)
 .text          0x06013aa0        0x0 ../../Compiler/COMMON/SGL_302j/LIB_ELF/LIBSGL.A(sglA20.o)
 .text          0x06013aa0        0x0 ../../Compiler/COMMON/SGL_302j/LIB_ELF/LIBSGL.A(sglA21.o)
 .text          0x06013aa0        0x0 ../../Compiler/COMMON/SGL_302j/LIB_ELF/LIBSGL.A(sglA27.o)
 .text          0x06013aa0        0x0 ../../Compiler/COMMON/SGL_302j/LIB_ELF/LIBSGL.A(sglB001.o)
 .text          0x06013aa0        0x0 ../../Compiler/COMMON/SGL_302j/LIB_ELF/LIBSGL.A(sglB011.o)
 .text          0x06013aa0        0x0 ../../Compiler/COMMON/SGL_302j/LIB_ELF/LIBSGL.A(sglB014.o)
 .text          0x06013aa0        0x0 ../../Compiler/COMMON/SGL_302j/LIB_ELF/LIBSGL.A(sglB015.o)
 .text          0x06013aa0        0x0 ../../Compiler/COMMON/SGL_302j/LIB_ELF/LIBSGL.A(sglB016.o)
 .text          0x06013aa0        0x0 ../../Compiler/COMMON/SGL_302j/LIB_ELF/LIBSGL.A(sglB020.o)
 .text          0x06013aa0        0x0 ../../Compiler/COMMON/SGL_302j/LIB_ELF/LIBSGL.A(sglB021.o)
 .text          0x06013aa0        0x0 ../../Compiler/COMMON/SGL_302j/LIB_ELF/LIBSGL.A(sglB023.o)
 .text          0x06013aa0        0x0 ../../Compiler/COMMON/SGL_302j/LIB_ELF/LIBSGL.A(sglB032.o)
 .text          0x06013aa0        0x0 ../../Compiler/COMMON/SGL_302j/LIB_ELF/LIBSGL.A(sglB035.o)
 .text          0x06013aa0        0x0 ../../Compiler/COMMON/SGL_302j/LIB_ELF/LIBSGL.A(sglB036.o)
 .text          0x06013aa0        0x0 ../../Compiler/COMMON/SGL_302j/LIB_ELF/LIBSGL.A(sglB038.o)
 .text          0x06013aa0        0x0 ../../Compiler/COMMON/SGL_302j/LIB_ELF/LIBSGL.A(sglB039.o)
 .text          0x06013aa0        0x0 ../../Compiler/COMMON/SGL_302j/LIB_ELF/LIBSGL.A(sglB040.o)
 .text          0x06013aa0        0x0 ../../Compiler/COMMON/SGL_302j/LIB_ELF/LIBSGL.A(sglB041.o)
 .text          0x06013aa0        0x0 ../../Compiler/COMMON/SGL_302j/LIB_ELF/LIBSGL.A(sglB042.o)
 .text          0x06013aa0        0x0 ../../Compiler/COMMON/SGL_302j/LIB_ELF/LIBSGL.A(sglB043.o)
 .text          0x06013aa0        0x0 ../../Compiler/COMMON/SGL_302j/LIB_ELF/LIBSGL.A(sglB044.o)
 .text          0x06013aa0        0x0 ../../Compiler/COMMON/SGL_302j/LIB_ELF/LIBSGL.A(sglB045.o)
 .text          0x06013aa0        0x0 ../../Compiler/COMMON/SGL_302j/LIB_ELF/LIBSGL.A(sglB047.o)
 .text          0x06013aa0        0x0 ../../Compiler/COMMON/SGL_302j/LIB_ELF/LIBSGL.A(sglB048.o)
 .text          0x06013aa0        0x0 ../../Compiler/COMMON/SGL_302j/LIB_ELF/LIBSGL.A(sglB056.o)
 .text          0x06013aa0        0x0 ../../Compiler/COMMON/SGL_302j/LIB_ELF/LIBSGL.A(sglB059.o)
 .text          0x06013aa0        0x0 ../../Compiler/COMMON/SGL_302j/LIB_ELF/LIBSGL.A(sglB060.o)
 .text          0x06013aa0        0x0 ../../Compiler/COMMON/SGL_302j/LIB_ELF/LIBSGL.A(sglB063.o)
 .text          0x06013aa0        0x0 ../../Compiler/COMMON/SGL_302j/LIB_ELF/LIBSGL.A(sglB087.o)
 .text          0x06013aa0        0x0 ../../Compiler/COMMON/SGL_302j/LIB_ELF/LIBSGL.A(sglB088.o)
 .text          0x06013aa0        0x0 ../../Compiler/COMMON/SGL_302j/LIB_ELF/LIBSGL.A(sglB090.o)
 .text          0x06013aa0        0x0 ../../Compiler/COMMON/SGL_302j/LIB_ELF/LIBSGL.A(sglB200.o)
 .text          0x06013aa0        0x0 ../../Compiler/COMMON/SGL_302j/LIB_ELF/LIBSGL.A(sglC04.o)
 .text          0x06013aa0        0x0 ../../Compiler/COMMON/SGL_302j/LIB_ELF/LIBSGL.A(sglC05.o)
 .text          0x06013aa0        0x0 ../../Compiler/COMMON/SGL_302j/LIB_ELF/LIBSGL.A(sglC06.o)
 .text          0x06013aa0        0x0 ../../Compiler/COMMON/SGL_302j/LIB_ELF/LIBSGL.A(sglC07.o)
 .text          0x06013aa0        0x0 ../../Compiler/COMMON/SGL_302j/LIB_ELF/LIBSGL.A(sglC08.o)
 .text          0x06013aa0        0x0 ../../Compiler/COMMON/SGL_302j/LIB_ELF/LIBSGL.A(sglC16.o)
 .text          0x06013aa0        0x0 ../../Compiler/COMMON/SGL_302j/LIB_ELF/LIBSGL.A(sglC17.o)
 .text          0x06013aa0        0x0 ../../Compiler/COMMON/SGL_302j/LIB_ELF/LIBSGL.A(sglC19.o)
 .text          0x06013aa0        0x0 ../../Compiler/COMMON/SGL_302j/LIB_ELF/LIBSGL.A(sglC20.o)
 .text          0x06013aa0        0x0 ../../Compiler/COMMON/SGL_302j/LIB_ELF/LIBSGL.A(sglC21.o)
 .text          0x06013aa0        0x0 ../../Compiler/COMMON/SGL_302j/LIB_ELF/LIBSGL.A(sglD00.o)
 .text          0x06013aa0        0x0 ../../Compiler/COMMON/SGL_302j/LIB_ELF/LIBSGL.A(sglD01.o)
 .text          0x06013aa0        0x0 ../../Compiler/COMMON/SGL_302j/LIB_ELF/LIBSGL.A(sglD03.o)
 .text          0x06013aa0        0x0 ../../Compiler/COMMON/SGL_302j/LIB_ELF/LIBSGL.A(sglD15.o)
 .text          0x06013aa0        0x0 ../../Compiler/COMMON/SGL_302j/LIB_ELF/LIBSGL.A(sglD16.o)
 .text          0x06013aa0        0x0 ../../Compiler/COMMON/SGL_302j/LIB_ELF/LIBSGL.A(sglD17.o)
 .text          0x06013aa0        0x0 ../../Compiler/COMMON/SGL_302j/LIB_ELF/LIBSGL.A(sglD18.o)
 .text          0x06013aa0        0x0 ../../Compiler/COMMON/SGL_302j/LIB_ELF/LIBSGL.A(sglF00.o)
 .text          0x06013aa0        0x0 ../../Compiler/COMMON/SGL_302j/LIB_ELF/LIBSGL.A(sglF02.o)
 .text          0x06013aa0        0x0 ../../Compiler/COMMON/SGL_302j/LIB_ELF/LIBSGL.A(sglF05.o)
 .text          0x06013aa0        0x0 ../../Compiler/COMMON/SGL_302j/LIB_ELF/LIBSGL.A(sglF08.o)
 .text          0x06013aa0        0x0 ../../Compiler/COMMON/SGL_302j/LIB_ELF/LIBSGL.A(sglH00.o)
 .text          0x06013aa0        0x0 ../../Compiler/COMMON/SGL_302j/LIB_ELF/LIBSGL.A(sglH01.o)
 .text          0x06013aa0        0x0 ../../Compiler/COMMON/SGL_302j/LIB_ELF/LIBSGL.A(sglH02.o)
 .text          0x06013aa0        0x0 ../../Compiler/COMMON/SGL_302j/LIB_ELF/LIBSGL.A(sglH04.o)
 .text          0x06013aa0        0x0 ../../Compiler/COMMON/SGL_302j/LIB_ELF/LIBSGL.A(sglI01.o)
 .text          0x06013aa0        0x0 ../../Compiler/COMMON/SGL_302j/LIB_ELF/LIBSGL.A(sglI04.o)
 .text          0x06013aa0      0x128 ../../Compiler/COMMON/SGL_302j/LIB_ELF/LIBSGL.A(sglIc0.o)
                0x06013aa0                slInitSystem
 *fill*         0x06013bc8        0x8 
 .text          0x06013bd0        0x0 ../../Compiler/COMMON/SGL_302j/LIB_ELF/LIBSGL.A(sglJ00.o)
 .text          0x06013bd0        0x0 ../../Compiler/COMMON/SGL_302j/LIB_ELF/LIBSGL.A(sglJ01.o)
 .text          0x06013bd0        0x0 ../../Compiler/COMMON/SGL_302j/LIB_ELF/LIBSGL.A(sglJ02.o)
 .text          0x06013bd0        0x0 ../../Compiler/COMMON/SGL_302j/LIB_ELF/LIBSGL.A(sglJ03.o)
 .text          0x06013bd0        0x0 ../../Compiler/COMMON/SGL_302j/LIB_ELF/LIBSGL.A(sglJ04.o)
 .text          0x06013bd0        0x0 ../../Compiler/COMMON/SGL_302j/LIB_ELF/LIBSGL.A(sglJ05.o)
 .text          0x06013bd0        0x0 ../../Compiler/COMMON/SGL_302j/LIB_ELF/LIBSGL.A(sglK01.o)
 .text          0x06013bd0        0x0 ../../Compiler/COMMON/SGL_302j/LIB_ELF/LIBSGL.A(sglM01.o)
 .text          0x06013bd0        0x0 ../../Compiler/COMMON/SGL_302j/LIB_ELF/LIBSGL.A(sglA00.o)
 .text          0x06013bd0        0x0 ../../Compiler/COMMON/SGL_302j/LIB_ELF/LIBSGL.A(sglA10.o)
 .text          0x06013bd0        0x0 ../../Compiler/COMMON/SGL_302j/LIB_ELF/LIBSGL.A(sglA24.o)
 .text          0x06013bd0        0x0 ../../Compiler/COMMON/SGL_302j/LIB_ELF/LIBSGL.A(sglA28.o)
 .text          0x06013bd0        0x0 ../../Compiler/COMMON/SGL_302j/LIB_ELF/LIBSGL.A(sglB000.o)
 .text          0x06013bd0        0x0 ../../Compiler/COMMON/SGL_302j/LIB_ELF/LIBSGL.A(sglC00.o)
 .text          0x06013bd0        0x0 ../../Compiler/COMMON/SGL_302j/LIB_ELF/LIBSGL.A(sglI00.o)
 .text          0x06013bd0        0x0 ../../Compiler/COMMON/SGL_302j/LIB_ELF/LIBSGL.A(sglH03.o)
 .text          0x06013bd0       0x52 f:/saturn dev/joengine-master/compiler/windows/bin/../lib/gcc/sh-elf/9.3.0\libgcc.a(_ashiftrt.o)
                0x06013bd0                __ashiftrt_r4_31
                0x06013bd0                __ashiftrt_r4_32
                0x06013bd6                __ashiftrt_r4_30
                0x06013bd8                __ashiftrt_r4_29
                0x06013bda                __ashiftrt_r4_28
                0x06013bdc                __ashiftrt_r4_27
                0x06013bde                __ashiftrt_r4_26
                0x06013be0                __ashiftrt_r4_25
                0x06013be2                __ashiftrt_r4_24
                0x06013bea                __ashiftrt_r4_23
                0x06013bec                __ashiftrt_r4_22
                0x06013bee                __ashiftrt_r4_21
                0x06013bf0                __ashiftrt_r4_20
                0x06013bf2                __ashiftrt_r4_19
                0x06013bf4                __ashiftrt_r4_18
                0x06013bf6                __ashiftrt_r4_17
                0x06013bf8                __ashiftrt_r4_16
                0x06013bfe                __ashiftrt_r4_15
                0x06013c00                __ashiftrt_r4_14
                0x06013c02                __ashiftrt_r4_13
                0x06013c04                __ashiftrt_r4_12
                0x06013c06                __ashiftrt_r4_11
                0x06013c08                __ashiftrt_r4_10
                0x06013c0a                __ashiftrt_r4_9
                0x06013c0c                __ashiftrt_r4_8
                0x06013c0e                __ashiftrt_r4_7
                0x06013c10                __ashiftrt_r4_6
                0x06013c12                __ashiftrt_r4_5
                0x06013c14                __ashiftrt_r4_4
                0x06013c16                __ashiftrt_r4_3
                0x06013c18                __ashiftrt_r4_2
                0x06013c1a                __ashiftrt_r4_1
                0x06013c1e                __ashiftrt_r4_0
 *fill*         0x06013c22        0x2 
 .text          0x06013c24       0x80 f:/saturn dev/joengine-master/compiler/windows/bin/../lib/gcc/sh-elf/9.3.0\libgcc.a(_ashiftrt_n.o)
                0x06013c24                __ashrsi3
 .text          0x06013ca4       0xbc f:/saturn dev/joengine-master/compiler/windows/bin/../lib/gcc/sh-elf/9.3.0\libgcc.a(_ashiftlt.o)
                0x06013ca4                __ashlsi3
                0x06013ca8                __ashlsi3_r0
 .text          0x06013d60       0xbc f:/saturn dev/joengine-master/compiler/windows/bin/../lib/gcc/sh-elf/9.3.0\libgcc.a(_lshiftrt.o)
                0x06013d60                __lshrsi3
                0x06013d64                __lshrsi3_r0
 .text          0x06013e1c       0xa0 f:/saturn dev/joengine-master/compiler/windows/bin/../lib/gcc/sh-elf/9.3.0\libgcc.a(_sdivsi3.o)
                0x06013e1c                __sdivsi3
 .text          0x06013ebc       0x6c f:/saturn dev/joengine-master/compiler/windows/bin/../lib/gcc/sh-elf/9.3.0\libgcc.a(_udivsi3.o)
                0x06013ede                __udivsi3
 .text          0x06013f28      0x21c f:/saturn dev/joengine-master/compiler/windows/bin/../lib/gcc/sh-elf/9.3.0\libgcc.a(_addsub_sf.o)
                0x060140a8                __addsf3
                0x060140f4                __subsf3
 .text          0x06014144      0x134 f:/saturn dev/joengine-master/compiler/windows/bin/../lib/gcc/sh-elf/9.3.0\libgcc.a(_mul_sf.o)
                0x06014144                __mulsf3
 .text          0x06014278       0xdc f:/saturn dev/joengine-master/compiler/windows/bin/../lib/gcc/sh-elf/9.3.0\libgcc.a(_div_sf.o)
                0x06014278                __divsf3
 .text          0x06014354       0x54 f:/saturn dev/joengine-master/compiler/windows/bin/../lib/gcc/sh-elf/9.3.0\libgcc.a(_gt_sf.o)
                0x06014354                __gtsf2
 .text          0x060143a8       0x54 f:/saturn dev/joengine-master/compiler/windows/bin/../lib/gcc/sh-elf/9.3.0\libgcc.a(_ge_sf.o)
                0x060143a8                __gesf2
 .text          0x060143fc       0x54 f:/saturn dev/joengine-master/compiler/windows/bin/../lib/gcc/sh-elf/9.3.0\libgcc.a(_lt_sf.o)
                0x060143fc                __ltsf2
 .text          0x06014450       0x54 f:/saturn dev/joengine-master/compiler/windows/bin/../lib/gcc/sh-elf/9.3.0\libgcc.a(_le_sf.o)
                0x06014450                __lesf2
 .text          0x060144a4       0x84 f:/saturn dev/joengine-master/compiler/windows/bin/../lib/gcc/sh-elf/9.3.0\libgcc.a(_si_to_sf.o)
                0x060144a4                __floatsisf
 .text          0x06014528       0x70 f:/saturn dev/joengine-master/compiler/windows/bin/../lib/gcc/sh-elf/9.3.0\libgcc.a(_sf_to_si.o)
                0x06014528                __fixsfsi
 .text          0x06014598       0x3c f:/saturn dev/joengine-master/compiler/windows/bin/../lib/gcc/sh-elf/9.3.0\libgcc.a(_sf_to_df.o)
                0x06014598                __extendsfdf2
 .text          0x060145d4        0x0 f:/saturn dev/joengine-master/compiler/windows/bin/../lib/gcc/sh-elf/9.3.0\libgcc.a(_thenan_sf.o)
 .text          0x060145d4       0x94 f:/saturn dev/joengine-master/compiler/windows/bin/../lib/gcc/sh-elf/9.3.0\libgcc.a(_usi_to_sf.o)
                0x060145d4                __floatunsisf
 .text          0x06014668      0x3e0 f:/saturn dev/joengine-master/compiler/windows/bin/../lib/gcc/sh-elf/9.3.0\libgcc.a(_addsub_df.o)
                0x060149a4                __adddf3
                0x060149f4                __subdf3
 .text          0x06014a48      0x208 f:/saturn dev/joengine-master/compiler/windows/bin/../lib/gcc/sh-elf/9.3.0\libgcc.a(_mul_df.o)
                0x06014a48                __muldf3
 .text          0x06014c50       0xa8 f:/saturn dev/joengine-master/compiler/windows/bin/../lib/gcc/sh-elf/9.3.0\libgcc.a(_si_to_df.o)
                0x06014c50                __floatsidf
 .text          0x06014cf8       0xa0 f:/saturn dev/joengine-master/compiler/windows/bin/../lib/gcc/sh-elf/9.3.0\libgcc.a(_df_to_si.o)
                0x06014cf8                __fixdfsi
 .text          0x06014d98       0x28 f:/saturn dev/joengine-master/compiler/windows/bin/../lib/gcc/sh-elf/9.3.0\libgcc.a(_make_df.o)
                0x06014d98                __make_dp
 .text          0x06014dc0       0x4c f:/saturn dev/joengine-master/compiler/windows/bin/../lib/gcc/sh-elf/9.3.0\libgcc.a(_df_to_sf.o)
                0x06014dc0                __truncdfsf2
 .text          0x06014e0c        0x0 f:/saturn dev/joengine-master/compiler/windows/bin/../lib/gcc/sh-elf/9.3.0\libgcc.a(_thenan_df.o)
 .text          0x06014e0c       0x54 f:/saturn dev/joengine-master/compiler/windows/bin/../lib/gcc/sh-elf/9.3.0\libgcc.a(_clzsi2.o)
                0x06014e0c                __clzsi2
 .text          0x06014e60      0x11c f:/saturn dev/joengine-master/compiler/windows/bin/../lib/gcc/sh-elf/9.3.0\libgcc.a(_pack_sf.o)
                0x06014e60                __pack_f
 .text          0x06014f7c       0xa0 f:/saturn dev/joengine-master/compiler/windows/bin/../lib/gcc/sh-elf/9.3.0\libgcc.a(_unpack_sf.o)
                0x06014f7c                __unpack_f
 .text          0x0601501c       0xac f:/saturn dev/joengine-master/compiler/windows/bin/../lib/gcc/sh-elf/9.3.0\libgcc.a(_fpcmp_parts_sf.o)
                0x0601501c                __fpcmp_parts_f
 .text          0x060150c8       0x20 f:/saturn dev/joengine-master/compiler/windows/bin/../lib/gcc/sh-elf/9.3.0\libgcc.a(_make_sf.o)
                0x060150c8                __make_fp
 .text          0x060150e8      0x274 f:/saturn dev/joengine-master/compiler/windows/bin/../lib/gcc/sh-elf/9.3.0\libgcc.a(_pack_df.o)
                0x060150e8                __pack_d
 .text          0x0601535c       0xcc f:/saturn dev/joengine-master/compiler/windows/bin/../lib/gcc/sh-elf/9.3.0\libgcc.a(_unpack_df.o)
                0x0601535c                __unpack_d
 .text          0x06015428        0x0 f:/saturn dev/joengine-master/compiler/windows/bin/../lib/gcc/sh-elf/9.3.0\libgcc.a(_clz.o)
 .text          0x06015428       0x1e f:/saturn dev/joengine-master/compiler/windows/bin/../lib/gcc/sh-elf/9.3.0/../../../../sh-elf/lib\libc.a(lib_a-memcmp.o)
                0x06015428                memcmp
 *fill*         0x06015446        0x2 
 .text          0x06015448       0x94 f:/saturn dev/joengine-master/compiler/windows/bin/../lib/gcc/sh-elf/9.3.0/../../../../sh-elf/lib\libc.a(lib_a-memcpy.o)
                0x06015448                memcpy
 .text          0x060154dc       0x40 f:/saturn dev/joengine-master/compiler/windows/bin/../lib/gcc/sh-elf/9.3.0/../../../../sh-elf/lib\libc.a(lib_a-memset.o)
                0x060154dc                memset
 .text          0x0601551c       0x8c f:/saturn dev/joengine-master/compiler/windows/bin/../lib/gcc/sh-elf/9.3.0/../../../../sh-elf/lib\libc.a(lib_a-sprintf.o)
                0x0601551c                _siprintf_r
                0x0601551c                _sprintf_r
                0x0601555c                siprintf
                0x0601555c                sprintf
 .text          0x060155a8       0x2a f:/saturn dev/joengine-master/compiler/windows/bin/../lib/gcc/sh-elf/9.3.0/../../../../sh-elf/lib\libc.a(lib_a-strncmp.o)
                0x060155a8                strncmp
 .text          0x060155d2       0x36 f:/saturn dev/joengine-master/compiler/windows/bin/../lib/gcc/sh-elf/9.3.0/../../../../sh-elf/lib\libc.a(lib_a-strncpy.o)
                0x060155d2                strncpy
 .text          0x06015608        0x0 f:/saturn dev/joengine-master/compiler/windows/bin/../lib/gcc/sh-elf/9.3.0/../../../../sh-elf/lib\libc.a(lib_a-impure.o)
 .text          0x06015608      0x444 f:/saturn dev/joengine-master/compiler/windows/bin/../lib/gcc/sh-elf/9.3.0/../../../../sh-elf/lib\libc.a(lib_a-nano-svfprintf.o)
                0x06015608                __ssputs_r
                0x060156fc                __ssprint_r
                0x06015830                _svfprintf_r
                0x06015830                _svfiprintf_r
 .text          0x06015a4c      0x380 f:/saturn dev/joengine-master/compiler/windows/bin/../lib/gcc/sh-elf/9.3.0/../../../../sh-elf/lib\libc.a(lib_a-nano-vfprintf_i.o)
                0x06015a4c                _printf_common
                0x06015b4c                _printf_i
 .text          0x06015dcc       0x1c f:/saturn dev/joengine-master/compiler/windows/bin/../lib/gcc/sh-elf/9.3.0/../../../../sh-elf/lib\libc.a(lib_a-memchr.o)
                0x06015dcc                memchr
 .text          0x06015de8       0x3c f:/saturn dev/joengine-master/compiler/windows/bin/../lib/gcc/sh-elf/9.3.0/../../../../sh-elf/lib\libc.a(lib_a-memmove.o)
                0x06015de8                memmove
 .text          0x06015e24       0xd0 f:/saturn dev/joengine-master/compiler/windows/bin/../lib/gcc/sh-elf/9.3.0/../../../../sh-elf/lib\libc.a(lib_a-nano-freer.o)
                0x06015e24                _free_r
 .text          0x06015ef4       0xf8 f:/saturn dev/joengine-master/compiler/windows/bin/../lib/gcc/sh-elf/9.3.0/../../../../sh-elf/lib\libc.a(lib_a-nano-mallocr.o)
                0x06015ef4                _malloc_r
 .text          0x06015fec       0x7c f:/saturn dev/joengine-master/compiler/windows/bin/../lib/gcc/sh-elf/9.3.0/../../../../sh-elf/lib\libc.a(lib_a-nano-reallocr.o)
                0x06015fec                _realloc_r
 .text          0x06016068       0x30 f:/saturn dev/joengine-master/compiler/windows/bin/../lib/gcc/sh-elf/9.3.0/../../../../sh-elf/lib\libc.a(lib_a-sbrkr.o)
                0x06016068                _sbrk_r
 .text          0x06016098      0x25c f:/saturn dev/joengine-master/compiler/windows/bin/../lib/gcc/sh-elf/9.3.0/../../../../sh-elf/lib\libc.a(lib_a-syscalls.o)
                0x06016110                _read
                0x06016120                _lseek
                0x06016130                _write
                0x06016140                _close
                0x06016150                _link
                0x06016154                _sbrk
                0x060161ac                _fstat
                0x060161b6                _open
                0x060161c8                _creat
                0x060161d8                _unlink
                0x060161dc                isatty
                0x060161e0                _isatty
                0x060161e4                _exit
                0x060161f4                _kill
                0x06016208                _getpid
                0x0601620c                _raise
                0x06016210                _stat
                0x06016220                _chmod
                0x06016230                _chown
                0x06016240                _utime
                0x06016254                _fork
                0x06016260                _wait
                0x06016270                _execve
                0x06016280                _execv
                0x06016290                _pipe
                0x0601629c                _times
                0x060162a0                _gettimeofday
                0x060162c8                __setup_argv_and_call_main
 .text          0x060162f4       0x14 f:/saturn dev/joengine-master/compiler/windows/bin/../lib/gcc/sh-elf/9.3.0/../../../../sh-elf/lib\libc.a(lib_a-trap.o)
                0x060162f4                __trap34
 .text          0x06016308       0x18 f:/saturn dev/joengine-master/compiler/windows/bin/../lib/gcc/sh-elf/9.3.0/../../../../sh-elf/lib\libc.a(lib_a-abort.o)
                0x06016308                abort
 .text          0x06016320        0x8 f:/saturn dev/joengine-master/compiler/windows/bin/../lib/gcc/sh-elf/9.3.0/../../../../sh-elf/lib\libc.a(lib_a-mlock.o)
                0x06016320                __malloc_lock
                0x06016324                __malloc_unlock
 .text          0x06016328       0x16 f:/saturn dev/joengine-master/compiler/windows/bin/../lib/gcc/sh-elf/9.3.0/../../../../sh-elf/lib\libc.a(lib_a-nano-msizer.o)
                0x06016328                _malloc_usable_size_r
 *fill*         0x0601633e        0x2 
 .text          0x06016340      0x1b4 f:/saturn dev/joengine-master/compiler/windows/bin/../lib/gcc/sh-elf/9.3.0/../../../../sh-elf/lib\libc.a(lib_a-signal.o)
                0x06016340                _init_signal_r
                0x06016380                _signal_r
                0x060163cc                _raise_r
                0x06016444                __sigtramp_r
                0x060164a8                raise
                0x060164bc                signal
                0x060164d0                _init_signal
                0x060164e0                __sigtramp
 .text          0x060164f4       0x40 f:/saturn dev/joengine-master/compiler/windows/bin/../lib/gcc/sh-elf/9.3.0/../../../../sh-elf/lib\libc.a(lib_a-signalr.o)
                0x060164f4                _kill_r
                0x06016528                _getpid_r
 *(.strings)
 *(SEGA_P)
 *(.eh_frame_hdr)
 *(.eh_frame)
                0x06016534                __etext = .

.text.startup   0x06016540       0x40
 .text.startup  0x06016540       0x40 ../../jo_engine/core.o
                0x06016540                main

SLPROG          0x06016580    0x12d30
                0x06016580                __slprog_start = .
 *(SLPROG)
 SLPROG         0x06016580     0x6540 ../../Compiler/COMMON/SGL_302j/LIB_ELF/SGLAREA.O
                0x06016580                MasterStack
                0x06016584                SlaveStack
                0x06016588                MaxVertices
                0x0601658a                MaxPolygons
                0x0601658c                SortList
                0x06016590                SortListSize
                0x06016594                TransList
                0x06016598                Zbuffer
                0x0601659c                SpriteBuf
                0x060165a0                SpriteBufSize
                0x060165a4                Pbuffer
                0x060165a8                CommandBuf
                0x060165ac                CLOfstBuf
                0x060165b0                PCM_Work
                0x060165b4                PCM_WkSize
                0x060165b8                MaxEvents
                0x060165ba                EventSize
                0x060165bc                MaxWorks
                0x060165be                WorkSize
                0x060165c0                RemainEvent
                0x060166c0                RemainWork
                0x06016ac0                EventBuf
                0x06018ac0                WorkBuf
 SLPROG         0x0601cac0     0x411e ../../Compiler/COMMON/SGL_302j/LIB_ELF/LIBSGL.A(sglA01.o)
                0x0601cac0                slSin
                0x0601cae4                slCos
                0x0601cb08                GetSinCos
                0x0601cb9c                sin_cos_index_tbl
                0x0601cbdc                sin_tbl
 *fill*         0x06020bde        0x2 
 SLPROG         0x06020be0       0x18 ../../Compiler/COMMON/SGL_302j/LIB_ELF/LIBSGL.A(sglA15.o)
                0x06020be0                slSlaveFunc
 *fill*         0x06020bf8        0x8 
 SLPROG         0x06020c00       0xd0 ../../Compiler/COMMON/SGL_302j/LIB_ELF/LIBSGL.A(sglA16.o)
                0x06020c00                slLookAt
 SLPROG         0x06020cd0       0x78 ../../Compiler/COMMON/SGL_302j/LIB_ELF/LIBSGL.A(sglA17.o)
                0x06020cd0                slRotZ
                0x06020cda                slRotZSC
 *fill*         0x06020d48        0x8 
 SLPROG         0x06020d50       0x78 ../../Compiler/COMMON/SGL_302j/LIB_ELF/LIBSGL.A(sglA18.o)
                0x06020d50                slRotY
                0x06020d5a                slRotYSC
 *fill*         0x06020dc8        0x8 
 SLPROG         0x06020dd0       0x78 ../../Compiler/COMMON/SGL_302j/LIB_ELF/LIBSGL.A(sglA19.o)
                0x06020dd0                slRotX
                0x06020dda                slRotXSC
 *fill*         0x06020e48        0x8 
 SLPROG         0x06020e50      0x42c ../../Compiler/COMMON/SGL_302j/LIB_ELF/LIBSGL.A(sglA20.o)
                0x06020e50                slInitMatrix
                0x06020e5a                slPushUnitMatrix
                0x06020e6e                slUnitMatrix
 *fill*         0x0602127c        0x4 
 SLPROG         0x06021280       0x48 ../../Compiler/COMMON/SGL_302j/LIB_ELF/LIBSGL.A(sglA21.o)
                0x06021280                slPushMatrix
                0x060212b4                slDecMatrixPtr
                0x060212b4                slPopMatrix
 *fill*         0x060212c8        0x8 
 SLPROG         0x060212d0       0x50 ../../Compiler/COMMON/SGL_302j/LIB_ELF/LIBSGL.A(sglA27.o)
                0x060212d0                slTranslate
 SLPROG         0x06021320       0x20 ../../Compiler/COMMON/SGL_302j/LIB_ELF/LIBSGL.A(sglB001.o)
                0x06021320                slTVOn
                0x0602132a                slTVOff
 SLPROG         0x06021340       0x24 ../../Compiler/COMMON/SGL_302j/LIB_ELF/LIBSGL.A(sglB011.o)
                0x06021340                slBitMapNbg1
 *fill*         0x06021364        0xc 
 SLPROG         0x06021370        0x8 ../../Compiler/COMMON/SGL_302j/LIB_ELF/LIBSGL.A(sglB014.o)
                0x06021370                slScrTransparent
 *fill*         0x06021378        0x8 
 SLPROG         0x06021380      0x40c ../../Compiler/COMMON/SGL_302j/LIB_ELF/LIBSGL.A(sglB015.o)
                0x06021380                slScrAutoDisp
 *fill*         0x0602178c        0x4 
 SLPROG         0x06021790        0xc ../../Compiler/COMMON/SGL_302j/LIB_ELF/LIBSGL.A(sglB016.o)
                0x06021790                slBack1ColSet
 *fill*         0x0602179c        0x4 
 SLPROG         0x060217a0       0x10 ../../Compiler/COMMON/SGL_302j/LIB_ELF/LIBSGL.A(sglB020.o)
                0x060217a0                slColorCalc
 SLPROG         0x060217b0        0xc ../../Compiler/COMMON/SGL_302j/LIB_ELF/LIBSGL.A(sglB021.o)
                0x060217b0                slColorCalcOn
 *fill*         0x060217bc        0x4 
 SLPROG         0x060217c0        0xc ../../Compiler/COMMON/SGL_302j/LIB_ELF/LIBSGL.A(sglB023.o)
                0x060217c0                slColRate
 *fill*         0x060217cc        0x4 
 SLPROG         0x060217d0       0xb4 ../../Compiler/COMMON/SGL_302j/LIB_ELF/LIBSGL.A(sglB032.o)
                0x060217d0                slMapNbg1
 *fill*         0x06021884        0xc 
 SLPROG         0x06021890       0xd4 ../../Compiler/COMMON/SGL_302j/LIB_ELF/LIBSGL.A(sglB035.o)
                0x06021890                sl1MapRA
                0x06021922                rbank_set
 *fill*         0x06021964        0xc 
 SLPROG         0x06021970       0xa0 ../../Compiler/COMMON/SGL_302j/LIB_ELF/LIBSGL.A(sglB036.o)
                0x06021970                sl1MapRB
 SLPROG         0x06021a10       0x70 ../../Compiler/COMMON/SGL_302j/LIB_ELF/LIBSGL.A(sglB038.o)
                0x06021a10                slRparaInitSet
 SLPROG         0x06021a80       0x7e ../../Compiler/COMMON/SGL_302j/LIB_ELF/LIBSGL.A(sglB039.o)
                0x06021a80                slMakeKtable
 *fill*         0x06021afe        0x2 
 SLPROG         0x06021b00       0x58 ../../Compiler/COMMON/SGL_302j/LIB_ELF/LIBSGL.A(sglB040.o)
                0x06021b00                slKtableRA
 *fill*         0x06021b58        0x8 
 SLPROG         0x06021b60       0x5c ../../Compiler/COMMON/SGL_302j/LIB_ELF/LIBSGL.A(sglB041.o)
                0x06021b60                slKtableRB
 *fill*         0x06021bbc        0x4 
 SLPROG         0x06021bc0       0x10 ../../Compiler/COMMON/SGL_302j/LIB_ELF/LIBSGL.A(sglB042.o)
                0x06021bc0                slCurRpara
 SLPROG         0x06021bd0        0x8 ../../Compiler/COMMON/SGL_302j/LIB_ELF/LIBSGL.A(sglB043.o)
                0x06021bd0                slRparaMode
 *fill*         0x06021bd8        0x8 
 SLPROG         0x06021be0      0x4e4 ../../Compiler/COMMON/SGL_302j/LIB_ELF/LIBSGL.A(sglB044.o)
                0x06021be0                slScrMatSet
 *fill*         0x060220c4        0xc 
 SLPROG         0x060220d0       0x28 ../../Compiler/COMMON/SGL_302j/LIB_ELF/LIBSGL.A(sglB045.o)
                0x060220d0                slScrMatConv
 *fill*         0x060220f8        0x8 
 SLPROG         0x06022100        0xc ../../Compiler/COMMON/SGL_302j/LIB_ELF/LIBSGL.A(sglB047.o)
                0x06022100                slOverRA
 *fill*         0x0602210c        0x4 
 SLPROG         0x06022110       0x10 ../../Compiler/COMMON/SGL_302j/LIB_ELF/LIBSGL.A(sglB048.o)
                0x06022110                slOverRB
 SLPROG         0x06022120        0xc ../../Compiler/COMMON/SGL_302j/LIB_ELF/LIBSGL.A(sglB056.o)
                0x06022120                slPlaneNbg1
 *fill*         0x0602212c        0x4 
 SLPROG         0x06022130        0xc ../../Compiler/COMMON/SGL_302j/LIB_ELF/LIBSGL.A(sglB059.o)
                0x06022130                slPlaneRA
 *fill*         0x0602213c        0x4 
 SLPROG         0x06022140       0x10 ../../Compiler/COMMON/SGL_302j/LIB_ELF/LIBSGL.A(sglB060.o)
                0x06022140                slPlaneRB
 SLPROG         0x06022150        0xc ../../Compiler/COMMON/SGL_302j/LIB_ELF/LIBSGL.A(sglB063.o)
                0x06022150                slPriority
 *fill*         0x0602215c        0x4 
 SLPROG         0x06022160       0x18 ../../Compiler/COMMON/SGL_302j/LIB_ELF/LIBSGL.A(sglB087.o)
                0x06022160                slLineScrollTable0
 *fill*         0x06022178        0x8 
 SLPROG         0x06022180        0x8 ../../Compiler/COMMON/SGL_302j/LIB_ELF/LIBSGL.A(sglB088.o)
                0x06022180                slLineScrollTable1
 *fill*         0x06022188        0x8 
 SLPROG         0x06022190        0xc ../../Compiler/COMMON/SGL_302j/LIB_ELF/LIBSGL.A(sglB090.o)
                0x06022190                slLineScrollMode
 *fill*         0x0602219c        0x4 
 SLPROG         0x060221a0      0x114 ../../Compiler/COMMON/SGL_302j/LIB_ELF/LIBSGL.A(sglB200.o)
                0x060221a0                slCharRbg0
                0x060221ac                slCharNbg0
                0x060221b8                slCharNbg1
                0x060221c4                slCharNbg2
                0x060221da                slCharNbg3
                0x060221f2                slPageRbg0
                0x06022208                slPageNbg1
                0x06022210                slPageNbg2
                0x06022218                slPageNbg3
                0x06022224                slPageNbg0
 *fill*         0x060222b4        0xc 
 SLPROG         0x060222c0       0x2c ../../Compiler/COMMON/SGL_302j/LIB_ELF/LIBSGL.A(sglC04.o)
                0x060222c0                slZdspLevel
 *fill*         0x060222ec        0x4 
 SLPROG         0x060222f0       0x78 ../../Compiler/COMMON/SGL_302j/LIB_ELF/LIBSGL.A(sglC05.o)
                0x060222f0                slSetSprite
 *fill*         0x06022368        0x8 
 SLPROG         0x06022370       0xfa ../../Compiler/COMMON/SGL_302j/LIB_ELF/LIBSGL.A(sglC06.o)
                0x06022370                slDispSprite
 *fill*         0x0602246a        0x6 
 SLPROG         0x06022470      0x162 ../../Compiler/COMMON/SGL_302j/LIB_ELF/LIBSGL.A(sglC07.o)
                0x06022476                slPutSprite
 *fill*         0x060225d2        0xe 
 SLPROG         0x060225e0     0x1218 ../../Compiler/COMMON/SGL_302j/LIB_ELF/LIBSGL.A(sglC08.o)
                0x060225e0                slPutPolygon
                0x0602325c                MsCalcDepthFlat
 *fill*         0x060237f8        0x8 
 SLPROG         0x06023800       0x54 ../../Compiler/COMMON/SGL_302j/LIB_ELF/LIBSGL.A(sglC16.o)
                0x06023800                slDynamicFrame
 *fill*         0x06023854        0xc 
 SLPROG         0x06023860       0x4c ../../Compiler/COMMON/SGL_302j/LIB_ELF/LIBSGL.A(sglC17.o)
                0x06023860                slDispSpriteHV
 *fill*         0x060238ac        0x4 
 SLPROG         0x060238b0       0xd4 ../../Compiler/COMMON/SGL_302j/LIB_ELF/LIBSGL.A(sglC19.o)
                0x060238b0                slDispSprite4P
 *fill*         0x06023984        0xc 
 SLPROG         0x06023990       0x40 ../../Compiler/COMMON/SGL_302j/LIB_ELF/LIBSGL.A(sglC20.o)
                0x06023990                SpriteEntry
 SLPROG         0x060239d0      0x4ae ../../Compiler/COMMON/SGL_302j/LIB_ELF/LIBSGL.A(sglC21.o)
                0x06023a58                RotSprite
                0x06023ae6                SetSprPosition
 *fill*         0x06023e7e        0x2 
 SLPROG         0x06023e80       0x84 ../../Compiler/COMMON/SGL_302j/LIB_ELF/LIBSGL.A(sglD00.o)
                0x06023e80                slCpuDMACopy
                0x06023e80                slDMACopy
                0x06023eda                CSH_AllClr
                0x06023eda                slCashPurge
 *fill*         0x06023f04        0xc 
 SLPROG         0x06023f10       0xa0 ../../Compiler/COMMON/SGL_302j/LIB_ELF/LIBSGL.A(sglD01.o)
                0x06023f10                slDMAXCopy
 SLPROG         0x06023fb0        0xc ../../Compiler/COMMON/SGL_302j/LIB_ELF/LIBSGL.A(sglD03.o)
                0x06023fb0                slDMAStatus
 *fill*         0x06023fbc        0x4 
 SLPROG         0x06023fc0       0x20 ../../Compiler/COMMON/SGL_302j/LIB_ELF/LIBSGL.A(sglD15.o)
                0x06023fc0                CSH_Purge
 SLPROG         0x06023fe0       0x84 ../../Compiler/COMMON/SGL_302j/LIB_ELF/LIBSGL.A(sglD16.o)
                0x06023fe0                DMA_ScuSetPrm
                0x06024028                DMA_SCU_PRM0
 *fill*         0x06024064        0xc 
 SLPROG         0x06024070       0x88 ../../Compiler/COMMON/SGL_302j/LIB_ELF/LIBSGL.A(sglD17.o)
                0x06024070                DMA_ScuStart
 *fill*         0x060240f8        0x8 
 SLPROG         0x06024100       0x34 ../../Compiler/COMMON/SGL_302j/LIB_ELF/LIBSGL.A(sglD18.o)
                0x06024100                DMA_ScuGetStatus
 *fill*         0x06024134        0xc 
 SLPROG         0x06024140       0x4e ../../Compiler/COMMON/SGL_302j/LIB_ELF/LIBSGL.A(sglF00.o)
                0x06024140                slCurScrn
                0x06024150                slCurColor
                0x0602415a                slLocate
                0x0602418c                CurrentScreen
 *fill*         0x0602418e        0x2 
 SLPROG         0x06024190       0x3c ../../Compiler/COMMON/SGL_302j/LIB_ELF/LIBSGL.A(sglF02.o)
                0x06024190                slPrintHex
 *fill*         0x060241cc        0x4 
 SLPROG         0x060241d0       0x1c ../../Compiler/COMMON/SGL_302j/LIB_ELF/LIBSGL.A(sglF05.o)
                0x060241d0                slPrint
 *fill*         0x060241ec        0x4 
 SLPROG         0x060241f0       0x34 ../../Compiler/COMMON/SGL_302j/LIB_ELF/LIBSGL.A(sglF08.o)
                0x060241f0                slDec2Hex
 *fill*         0x06024224        0xc 
 SLPROG         0x06024230      0xfc8 ../../Compiler/COMMON/SGL_302j/LIB_ELF/LIBSGL.A(sglH00.o)
                0x06024248                slGetPortDir1
                0x06024250                slGetPortDir2
                0x06024258                slSetPortDir1
                0x06024282                slSetPortDir2
                0x060242bc                slGetPortData1
                0x060242c4                slGetPortData2
                0x060242cc                slSetPortData1
                0x060242d6                slSetPortData2
                0x060242e8                slGetPortSelect1
                0x060242f2                slGetPortSelect2
                0x060242fc                slSetPortSelect1
                0x06024330                slSetPortSelect2
                0x0602436c                slGetPortExt1
                0x06024376                slGetPortExt2
                0x06024380                slSetPortExt1
                0x060243b0                slSetPortExt2
                0x06024524                slSmpcDirectAccess
                0x060245a4                slInitPeripheral
                0x06024636                slSetResultBuffer
                0x060246c2                slCheckIntBackSet
                0x060246ce                slIntBackCancel
                0x060246f8                slCheckReset
                0x06024702                slClearReset
                0x060248c8                slSmpcCashSend
                0x06024984                slSmpcCashBlow
                0x06024a60                slGetOptimize
                0x06024a6a                slSetOptimize
                0x06024a90                slGetPortMode1
                0x06024a9c                slGetPortMode2
                0x06024aaa                slSetPortMode1
                0x06024ae8                slSetPortMode2
                0x06024c74                slRequestCommand
                0x06024ce4                Smpc_Status
                0x06024ce8                Smpc_Result
                0x06024cec                Smpc_Peripheral
                0x06024cf2                Per_Connect1
                0x06024cf3                Per_Connect2
                0x06024d14                SmpcStatusBuf
 *fill*         0x060251f8        0x8 
 SLPROG         0x06025200       0xa8 ../../Compiler/COMMON/SGL_302j/LIB_ELF/LIBSGL.A(sglH01.o)
                0x06025200                slGetLanguage
                0x0602520a                slSetLanguage
                0x0602522c                slGetSoundEffect
                0x06025238                slSetSoundEffect
                0x06025254                slGetSoundOutput
                0x06025260                slSetSoundOutput
                0x0602527c                slGetHelpWindow
                0x06025288                slSetHelpWindow
 *fill*         0x060252a8        0x8 
 SLPROG         0x060252b0      0x470 ../../Compiler/COMMON/SGL_302j/LIB_ELF/LIBSGL.A(sglH02.o)
                0x060256a0                smpc_pfr_tbl
                0x060256e0                smpc_ptf_tbl
 SLPROG         0x06025720       0x60 ../../Compiler/COMMON/SGL_302j/LIB_ELF/LIBSGL.A(sglH04.o)
                0x06025720                slComPrmIntBack
                0x06025734                slComPrmSetMemory
                0x0602574a                slComPrmSetTime
 SLPROG         0x06025780      0x3a4 ../../Compiler/COMMON/SGL_302j/LIB_ELF/LIBSGL.A(sglI01.o)
                0x06025780                slInitSynch
                0x0602579a                slSynch
                0x06025890                slRandom
                0x060258ae                PCM_EndCheck
                0x0602596a                RetPCMBuf
                0x06025a04                PCM_Buf
                0x06025aa4                Sound_Buf
 *fill*         0x06025b24        0xc 
 SLPROG         0x06025b30       0x10 ../../Compiler/COMMON/SGL_302j/LIB_ELF/LIBSGL.A(sglI04.o)
                0x06025b30                slIntFunction
 SLPROG         0x06025b40       0x74 ../../Compiler/COMMON/SGL_302j/LIB_ELF/LIBSGL.A(sglJ00.o)
                0x06025b40                InitSlaveSH
                0x06025ba8                SlaveCommand
 *fill*         0x06025bb4        0xc 
 SLPROG         0x06025bc0      0x3d0 ../../Compiler/COMMON/SGL_302j/LIB_ELF/LIBSGL.A(sglJ01.o)
                0x06025bc0                SlaveControl
                0x06025f7c                ErasePolygonData
 SLPROG         0x06025f90     0x12b8 ../../Compiler/COMMON/SGL_302j/LIB_ELF/LIBSGL.A(sglJ02.o)
                0x06025f90                sbMakePolygon
                0x06026178                sbCalcPolygon
                0x06026eb0                SetTexture
                0x06026ebc                SetPolygon
                0x06026ec4                SetPosition
                0x06026efc                stvtc_4
                0x06026fb4                stvtc_3
                0x060271c4                stvtc_1
                0x060271d8                stvtc_2
                0x060271ec                stvtc_0
 *fill*         0x06027248        0x8 
 SLPROG         0x06027250      0x140 ../../Compiler/COMMON/SGL_302j/LIB_ELF/LIBSGL.A(sglJ03.o)
                0x06027250                sbMakeDMATable
 SLPROG         0x06027390      0x470 ../../Compiler/COMMON/SGL_302j/LIB_ELF/LIBSGL.A(sglJ04.o)
                0x060273ee                sbMakeSprite
                0x06027454                sbMakeRotSprite
 SLPROG         0x06027800       0x3c ../../Compiler/COMMON/SGL_302j/LIB_ELF/LIBSGL.A(sglJ05.o)
                0x06027800                sbSortEntry
 *fill*         0x0602783c        0x4 
 SLPROG         0x06027840       0x6a ../../Compiler/COMMON/SGL_302j/LIB_ELF/LIBSGL.A(sglM01.o)
                0x06027840                slSetDepthLimit
                0x0602786c                slSetDepthTbl
                0x0602789c                DepthWorkArea
 *fill*         0x060278aa        0x6 
 SLPROG         0x060278b0       0x20 ../../Compiler/COMMON/SGL_302j/LIB_ELF/LIBSGL.A(sglA00.o)
                0x060278b0                set_imask
                0x060278b0                _builtin_set_imask
                0x060278c4                _builtin_get_imask
                0x060278c4                get_imask
 SLPROG         0x060278d0       0x34 ../../Compiler/COMMON/SGL_302j/LIB_ELF/LIBSGL.A(sglA10.o)
                0x060278d0                slSquartDbl
 *fill*         0x06027904        0xc 
 SLPROG         0x06027910      0x3c2 ../../Compiler/COMMON/SGL_302j/LIB_ELF/LIBSGL.A(sglA24.o)
                0x06027910                slInversMatrix
 *fill*         0x06027cd2        0xe 
 SLPROG         0x06027ce0       0x70 ../../Compiler/COMMON/SGL_302j/LIB_ELF/LIBSGL.A(sglA28.o)
                0x06027ce0                slScale
 SLPROG         0x06027d50      0xbd0 ../../Compiler/COMMON/SGL_302j/LIB_ELF/LIBSGL.A(sglB000.o)
                0x06027d50                slInitScroll
                0x06027e70                setASC_1to8
                0x06027ea0                setASC_4to8
                0x06027fb0                TVSizeTbl
                0x06028030                TVModeTbl
                0x06028208                SGL_ASCII_CG
 SLPROG         0x06028920      0x134 ../../Compiler/COMMON/SGL_302j/LIB_ELF/LIBSGL.A(sglC00.o)
                0x06028920                slInitSprite
 *fill*         0x06028a54        0xc 
 SLPROG         0x06028a60      0x75c ../../Compiler/COMMON/SGL_302j/LIB_ELF/LIBSGL.A(sglI00.o)
                0x06028d50                slInitInterrupt
 *fill*         0x060291bc        0x4 
 SLPROG         0x060291c0       0xf0 ../../Compiler/COMMON/SGL_302j/LIB_ELF/LIBSGL.A(sglH03.o)
                0x06029224                slSmpcIntBack
                0x060292b0                __slprog_end = .

.tors           0x060292b0        0x0
                0x060292b0                ___ctors = .
 *(.ctors)
                0x060292b0                ___ctors_end = .
                0x060292b0                ___dtors = .
 *(.dtors)
                0x060292b0                ___dtors_end = .

.data           0x060292b0     0x34f0
 *(.data)
 .data          0x060292b0        0x0 ../../Compiler/COMMON/SGL_302j/LIB_ELF/SGLAREA.O
 .data          0x060292b0     0x2fd8 main.o
                0x060292b8                cam_tar
                0x060292c4                cam_pos
                0x060292d0                arm_verts
                0x06029360                cask2_verts
                0x06029510                cask1_verts
                0x060296c0                cask_verts
                0x06029870                mound_verts
                0x06029930                house_verts
                0x06029b40                female
                0x0602bf18                keyfs
                0x0602bfa4                objects
                0x0602bfb0                females
                0x0602c004                casks
                0x0602c074                mounds
                0x0602c0c8                houses
 .data          0x0602c288        0x0 ../../jo_engine/tga.o
 .data          0x0602c288       0x28 ../../jo_engine/3d.o
 .data          0x0602c2b0        0x4 ../../jo_engine/fs.o
 .data          0x0602c2b4        0x0 ../../jo_engine/slave.o
 .data          0x0602c2b4        0x0 ../../jo_engine/font.o
 .data          0x0602c2b4        0x0 ../../jo_engine/input.o
 .data          0x0602c2b4        0x0 ../../jo_engine/physics.o
 .data          0x0602c2b4        0x0 ../../jo_engine/core.o
 .data          0x0602c2b4        0x4 ../../jo_engine/math.o
                0x0602c2b4                jo_random_seed
 .data          0x0602c2b8        0x0 ../../jo_engine/malloc.o
 .data          0x0602c2b8        0x0 ../../jo_engine/tools.o
 .data          0x0602c2b8        0x0 ../../jo_engine/palette.o
 .data          0x0602c2b8       0x2c ../../jo_engine/sprites.o
                0x0602c2bc                __jo_gouraud_shading_runtime_index
                0x0602c2c0                __jo_sprite_pos
                0x0602c2cc                __jo_sprite_attributes
 .data          0x0602c2e4        0x0 ../../jo_engine/map.o
 .data          0x0602c2e4        0x0 ../../jo_engine/list.o
 .data          0x0602c2e4        0x4 ../../jo_engine/sprite_animator.o
 .data          0x0602c2e8        0x0 ../../jo_engine/image.o
 .data          0x0602c2e8        0x0 ../../jo_engine/vdp2.o
 .data          0x0602c2e8        0x0 ../../jo_engine/time.o
 .data          0x0602c2e8        0x0 ../../jo_engine/vdp1_command_pipeline.o
 .data          0x0602c2e8       0x10 ../../jo_engine/vdp2_malloc.o
 *fill*         0x0602c2f8        0x8 
 .data          0x0602c300        0x0 ../../Compiler/COMMON/SGL_302j/LIB_ELF/SEGA_SYS.A(sys_exit.o)
 .data          0x0602c300        0x0 ../../Compiler/COMMON/SGL_302j/LIB_ELF/SEGA_SYS.A(sys_sub.o)
 .data          0x0602c300        0x0 ../../Compiler/COMMON/SGL_302j/LIB_ELF/LIBCD.A(CDC_CMN.O)
 .data          0x0602c300        0x0 ../../Compiler/COMMON/SGL_302j/LIB_ELF/LIBCD.A(CDC_CFS.O)
 .data          0x0602c300        0x0 ../../Compiler/COMMON/SGL_302j/LIB_ELF/LIBCD.A(CDC_REG.O)
 .data          0x0602c300        0x0 ../../Compiler/COMMON/SGL_302j/LIB_ELF/LIBCD.A(CDC_SUB.O)
 .data          0x0602c300        0x0 ../../Compiler/COMMON/SGL_302j/LIB_ELF/LIBCD.A(GFS.O)
 .data          0x0602c300        0x0 ../../Compiler/COMMON/SGL_302j/LIB_ELF/LIBCD.A(GFS_BUF.O)
 .data          0x0602c300        0x0 ../../Compiler/COMMON/SGL_302j/LIB_ELF/LIBCD.A(GFS_CDB.O)
 .data          0x0602c300        0x0 ../../Compiler/COMMON/SGL_302j/LIB_ELF/LIBCD.A(GFS_CDC.O)
 .data          0x0602c300        0x0 ../../Compiler/COMMON/SGL_302j/LIB_ELF/LIBCD.A(GFS_CDF.O)
 .data          0x0602c300        0x0 ../../Compiler/COMMON/SGL_302j/LIB_ELF/LIBCD.A(GFS_DIR.O)
 .data          0x0602c300        0x0 ../../Compiler/COMMON/SGL_302j/LIB_ELF/LIBCD.A(GFS_TRN.O)
 .data          0x0602c300        0x0 ../../Compiler/COMMON/SGL_302j/LIB_ELF/LIBCD.A(CDC_DRV.O)
 .data          0x0602c300        0x0 ../../Compiler/COMMON/SGL_302j/LIB_ELF/LIBCD.A(CDC_DEV.O)
 .data          0x0602c300        0x0 ../../Compiler/COMMON/SGL_302j/LIB_ELF/LIBCD.A(CDC_SEL.O)
 .data          0x0602c300        0x0 ../../Compiler/COMMON/SGL_302j/LIB_ELF/LIBCD.A(CDC_BIF.O)
 .data          0x0602c300        0x0 ../../Compiler/COMMON/SGL_302j/LIB_ELF/LIBCD.A(CDC_BIO.O)
 .data          0x0602c300        0x0 ../../Compiler/COMMON/SGL_302j/LIB_ELF/LIBSGL.A(sglA01.o)
 .data          0x0602c300        0x0 ../../Compiler/COMMON/SGL_302j/LIB_ELF/LIBSGL.A(sglA15.o)
 .data          0x0602c300        0x0 ../../Compiler/COMMON/SGL_302j/LIB_ELF/LIBSGL.A(sglA16.o)
 .data          0x0602c300        0x0 ../../Compiler/COMMON/SGL_302j/LIB_ELF/LIBSGL.A(sglA17.o)
 .data          0x0602c300        0x0 ../../Compiler/COMMON/SGL_302j/LIB_ELF/LIBSGL.A(sglA18.o)
 .data          0x0602c300        0x0 ../../Compiler/COMMON/SGL_302j/LIB_ELF/LIBSGL.A(sglA19.o)
 .data          0x0602c300        0x0 ../../Compiler/COMMON/SGL_302j/LIB_ELF/LIBSGL.A(sglA20.o)
 .data          0x0602c300        0x0 ../../Compiler/COMMON/SGL_302j/LIB_ELF/LIBSGL.A(sglA21.o)
 .data          0x0602c300        0x0 ../../Compiler/COMMON/SGL_302j/LIB_ELF/LIBSGL.A(sglA27.o)
 .data          0x0602c300        0x0 ../../Compiler/COMMON/SGL_302j/LIB_ELF/LIBSGL.A(sglB001.o)
 .data          0x0602c300        0x0 ../../Compiler/COMMON/SGL_302j/LIB_ELF/LIBSGL.A(sglB011.o)
 .data          0x0602c300        0x0 ../../Compiler/COMMON/SGL_302j/LIB_ELF/LIBSGL.A(sglB014.o)
 .data          0x0602c300        0x0 ../../Compiler/COMMON/SGL_302j/LIB_ELF/LIBSGL.A(sglB015.o)
 .data          0x0602c300        0x0 ../../Compiler/COMMON/SGL_302j/LIB_ELF/LIBSGL.A(sglB016.o)
 .data          0x0602c300        0x0 ../../Compiler/COMMON/SGL_302j/LIB_ELF/LIBSGL.A(sglB020.o)
 .data          0x0602c300        0x0 ../../Compiler/COMMON/SGL_302j/LIB_ELF/LIBSGL.A(sglB021.o)
 .data          0x0602c300        0x0 ../../Compiler/COMMON/SGL_302j/LIB_ELF/LIBSGL.A(sglB023.o)
 .data          0x0602c300        0x0 ../../Compiler/COMMON/SGL_302j/LIB_ELF/LIBSGL.A(sglB032.o)
 .data          0x0602c300        0x0 ../../Compiler/COMMON/SGL_302j/LIB_ELF/LIBSGL.A(sglB035.o)
 .data          0x0602c300        0x0 ../../Compiler/COMMON/SGL_302j/LIB_ELF/LIBSGL.A(sglB036.o)
 .data          0x0602c300        0x0 ../../Compiler/COMMON/SGL_302j/LIB_ELF/LIBSGL.A(sglB038.o)
 .data          0x0602c300        0x0 ../../Compiler/COMMON/SGL_302j/LIB_ELF/LIBSGL.A(sglB039.o)
 .data          0x0602c300        0x0 ../../Compiler/COMMON/SGL_302j/LIB_ELF/LIBSGL.A(sglB040.o)
 .data          0x0602c300        0x0 ../../Compiler/COMMON/SGL_302j/LIB_ELF/LIBSGL.A(sglB041.o)
 .data          0x0602c300        0x0 ../../Compiler/COMMON/SGL_302j/LIB_ELF/LIBSGL.A(sglB042.o)
 .data          0x0602c300        0x0 ../../Compiler/COMMON/SGL_302j/LIB_ELF/LIBSGL.A(sglB043.o)
 .data          0x0602c300        0x0 ../../Compiler/COMMON/SGL_302j/LIB_ELF/LIBSGL.A(sglB044.o)
 .data          0x0602c300        0x0 ../../Compiler/COMMON/SGL_302j/LIB_ELF/LIBSGL.A(sglB045.o)
 .data          0x0602c300        0x0 ../../Compiler/COMMON/SGL_302j/LIB_ELF/LIBSGL.A(sglB047.o)
 .data          0x0602c300        0x0 ../../Compiler/COMMON/SGL_302j/LIB_ELF/LIBSGL.A(sglB048.o)
 .data          0x0602c300        0x0 ../../Compiler/COMMON/SGL_302j/LIB_ELF/LIBSGL.A(sglB056.o)
 .data          0x0602c300        0x0 ../../Compiler/COMMON/SGL_302j/LIB_ELF/LIBSGL.A(sglB059.o)
 .data          0x0602c300        0x0 ../../Compiler/COMMON/SGL_302j/LIB_ELF/LIBSGL.A(sglB060.o)
 .data          0x0602c300        0x0 ../../Compiler/COMMON/SGL_302j/LIB_ELF/LIBSGL.A(sglB063.o)
 .data          0x0602c300        0x0 ../../Compiler/COMMON/SGL_302j/LIB_ELF/LIBSGL.A(sglB087.o)
 .data          0x0602c300        0x0 ../../Compiler/COMMON/SGL_302j/LIB_ELF/LIBSGL.A(sglB088.o)
 .data          0x0602c300        0x0 ../../Compiler/COMMON/SGL_302j/LIB_ELF/LIBSGL.A(sglB090.o)
 .data          0x0602c300        0x0 ../../Compiler/COMMON/SGL_302j/LIB_ELF/LIBSGL.A(sglB200.o)
 .data          0x0602c300        0x0 ../../Compiler/COMMON/SGL_302j/LIB_ELF/LIBSGL.A(sglC04.o)
 .data          0x0602c300        0x0 ../../Compiler/COMMON/SGL_302j/LIB_ELF/LIBSGL.A(sglC05.o)
 .data          0x0602c300        0x0 ../../Compiler/COMMON/SGL_302j/LIB_ELF/LIBSGL.A(sglC06.o)
 .data          0x0602c300        0x0 ../../Compiler/COMMON/SGL_302j/LIB_ELF/LIBSGL.A(sglC07.o)
 .data          0x0602c300        0x0 ../../Compiler/COMMON/SGL_302j/LIB_ELF/LIBSGL.A(sglC08.o)
 .data          0x0602c300        0x0 ../../Compiler/COMMON/SGL_302j/LIB_ELF/LIBSGL.A(sglC16.o)
 .data          0x0602c300        0x0 ../../Compiler/COMMON/SGL_302j/LIB_ELF/LIBSGL.A(sglC17.o)
 .data          0x0602c300        0x0 ../../Compiler/COMMON/SGL_302j/LIB_ELF/LIBSGL.A(sglC19.o)
 .data          0x0602c300        0x0 ../../Compiler/COMMON/SGL_302j/LIB_ELF/LIBSGL.A(sglC20.o)
 .data          0x0602c300        0x0 ../../Compiler/COMMON/SGL_302j/LIB_ELF/LIBSGL.A(sglC21.o)
 .data          0x0602c300        0x0 ../../Compiler/COMMON/SGL_302j/LIB_ELF/LIBSGL.A(sglD00.o)
 .data          0x0602c300        0x0 ../../Compiler/COMMON/SGL_302j/LIB_ELF/LIBSGL.A(sglD01.o)
 .data          0x0602c300        0x0 ../../Compiler/COMMON/SGL_302j/LIB_ELF/LIBSGL.A(sglD03.o)
 .data          0x0602c300        0x0 ../../Compiler/COMMON/SGL_302j/LIB_ELF/LIBSGL.A(sglD15.o)
 .data          0x0602c300        0x0 ../../Compiler/COMMON/SGL_302j/LIB_ELF/LIBSGL.A(sglD16.o)
 .data          0x0602c300        0x0 ../../Compiler/COMMON/SGL_302j/LIB_ELF/LIBSGL.A(sglD17.o)
 .data          0x0602c300        0x0 ../../Compiler/COMMON/SGL_302j/LIB_ELF/LIBSGL.A(sglD18.o)
 .data          0x0602c300        0x0 ../../Compiler/COMMON/SGL_302j/LIB_ELF/LIBSGL.A(sglF00.o)
 .data          0x0602c300        0x0 ../../Compiler/COMMON/SGL_302j/LIB_ELF/LIBSGL.A(sglF02.o)
 .data          0x0602c300        0x0 ../../Compiler/COMMON/SGL_302j/LIB_ELF/LIBSGL.A(sglF05.o)
 .data          0x0602c300        0x0 ../../Compiler/COMMON/SGL_302j/LIB_ELF/LIBSGL.A(sglF08.o)
 .data          0x0602c300        0x0 ../../Compiler/COMMON/SGL_302j/LIB_ELF/LIBSGL.A(sglH00.o)
 .data          0x0602c300        0x0 ../../Compiler/COMMON/SGL_302j/LIB_ELF/LIBSGL.A(sglH01.o)
 .data          0x0602c300        0x0 ../../Compiler/COMMON/SGL_302j/LIB_ELF/LIBSGL.A(sglH02.o)
 .data          0x0602c300        0x0 ../../Compiler/COMMON/SGL_302j/LIB_ELF/LIBSGL.A(sglH04.o)
 .data          0x0602c300        0x0 ../../Compiler/COMMON/SGL_302j/LIB_ELF/LIBSGL.A(sglI01.o)
 .data          0x0602c300        0x0 ../../Compiler/COMMON/SGL_302j/LIB_ELF/LIBSGL.A(sglI04.o)
 .data          0x0602c300       0x80 ../../Compiler/COMMON/SGL_302j/LIB_ELF/LIBSGL.A(sglIc0.o)
                0x0602c300                IntPrioMask
 .data          0x0602c380        0x0 ../../Compiler/COMMON/SGL_302j/LIB_ELF/LIBSGL.A(sglJ00.o)
 .data          0x0602c380        0x0 ../../Compiler/COMMON/SGL_302j/LIB_ELF/LIBSGL.A(sglJ01.o)
 .data          0x0602c380        0x0 ../../Compiler/COMMON/SGL_302j/LIB_ELF/LIBSGL.A(sglJ02.o)
 .data          0x0602c380        0x0 ../../Compiler/COMMON/SGL_302j/LIB_ELF/LIBSGL.A(sglJ03.o)
 .data          0x0602c380        0x0 ../../Compiler/COMMON/SGL_302j/LIB_ELF/LIBSGL.A(sglJ04.o)
 .data          0x0602c380        0x0 ../../Compiler/COMMON/SGL_302j/LIB_ELF/LIBSGL.A(sglJ05.o)
 .data          0x0602c380        0x0 ../../Compiler/COMMON/SGL_302j/LIB_ELF/LIBSGL.A(sglK01.o)
 .data          0x0602c380        0x0 ../../Compiler/COMMON/SGL_302j/LIB_ELF/LIBSGL.A(sglM01.o)
 .data          0x0602c380        0x0 ../../Compiler/COMMON/SGL_302j/LIB_ELF/LIBSGL.A(sglA00.o)
 .data          0x0602c380        0x0 ../../Compiler/COMMON/SGL_302j/LIB_ELF/LIBSGL.A(sglA10.o)
 .data          0x0602c380        0x0 ../../Compiler/COMMON/SGL_302j/LIB_ELF/LIBSGL.A(sglA24.o)
 .data          0x0602c380        0x0 ../../Compiler/COMMON/SGL_302j/LIB_ELF/LIBSGL.A(sglA28.o)
 .data          0x0602c380        0x0 ../../Compiler/COMMON/SGL_302j/LIB_ELF/LIBSGL.A(sglB000.o)
 .data          0x0602c380        0x0 ../../Compiler/COMMON/SGL_302j/LIB_ELF/LIBSGL.A(sglC00.o)
 .data          0x0602c380        0x0 ../../Compiler/COMMON/SGL_302j/LIB_ELF/LIBSGL.A(sglI00.o)
 .data          0x0602c380        0x0 ../../Compiler/COMMON/SGL_302j/LIB_ELF/LIBSGL.A(sglH03.o)
 .data          0x0602c380        0x0 f:/saturn dev/joengine-master/compiler/windows/bin/../lib/gcc/sh-elf/9.3.0\libgcc.a(_ashiftrt.o)
 .data          0x0602c380        0x0 f:/saturn dev/joengine-master/compiler/windows/bin/../lib/gcc/sh-elf/9.3.0\libgcc.a(_ashiftrt_n.o)
 .data          0x0602c380        0x0 f:/saturn dev/joengine-master/compiler/windows/bin/../lib/gcc/sh-elf/9.3.0\libgcc.a(_ashiftlt.o)
 .data          0x0602c380        0x0 f:/saturn dev/joengine-master/compiler/windows/bin/../lib/gcc/sh-elf/9.3.0\libgcc.a(_lshiftrt.o)
 .data          0x0602c380        0x0 f:/saturn dev/joengine-master/compiler/windows/bin/../lib/gcc/sh-elf/9.3.0\libgcc.a(_sdivsi3.o)
 .data          0x0602c380        0x0 f:/saturn dev/joengine-master/compiler/windows/bin/../lib/gcc/sh-elf/9.3.0\libgcc.a(_udivsi3.o)
 .data          0x0602c380        0x0 f:/saturn dev/joengine-master/compiler/windows/bin/../lib/gcc/sh-elf/9.3.0\libgcc.a(_addsub_sf.o)
 .data          0x0602c380        0x0 f:/saturn dev/joengine-master/compiler/windows/bin/../lib/gcc/sh-elf/9.3.0\libgcc.a(_mul_sf.o)
 .data          0x0602c380        0x0 f:/saturn dev/joengine-master/compiler/windows/bin/../lib/gcc/sh-elf/9.3.0\libgcc.a(_div_sf.o)
 .data          0x0602c380        0x0 f:/saturn dev/joengine-master/compiler/windows/bin/../lib/gcc/sh-elf/9.3.0\libgcc.a(_gt_sf.o)
 .data          0x0602c380        0x0 f:/saturn dev/joengine-master/compiler/windows/bin/../lib/gcc/sh-elf/9.3.0\libgcc.a(_ge_sf.o)
 .data          0x0602c380        0x0 f:/saturn dev/joengine-master/compiler/windows/bin/../lib/gcc/sh-elf/9.3.0\libgcc.a(_lt_sf.o)
 .data          0x0602c380        0x0 f:/saturn dev/joengine-master/compiler/windows/bin/../lib/gcc/sh-elf/9.3.0\libgcc.a(_le_sf.o)
 .data          0x0602c380        0x0 f:/saturn dev/joengine-master/compiler/windows/bin/../lib/gcc/sh-elf/9.3.0\libgcc.a(_si_to_sf.o)
 .data          0x0602c380        0x0 f:/saturn dev/joengine-master/compiler/windows/bin/../lib/gcc/sh-elf/9.3.0\libgcc.a(_sf_to_si.o)
 .data          0x0602c380        0x0 f:/saturn dev/joengine-master/compiler/windows/bin/../lib/gcc/sh-elf/9.3.0\libgcc.a(_sf_to_df.o)
 .data          0x0602c380        0x0 f:/saturn dev/joengine-master/compiler/windows/bin/../lib/gcc/sh-elf/9.3.0\libgcc.a(_thenan_sf.o)
 .data          0x0602c380        0x0 f:/saturn dev/joengine-master/compiler/windows/bin/../lib/gcc/sh-elf/9.3.0\libgcc.a(_usi_to_sf.o)
 .data          0x0602c380        0x0 f:/saturn dev/joengine-master/compiler/windows/bin/../lib/gcc/sh-elf/9.3.0\libgcc.a(_addsub_df.o)
 .data          0x0602c380        0x0 f:/saturn dev/joengine-master/compiler/windows/bin/../lib/gcc/sh-elf/9.3.0\libgcc.a(_mul_df.o)
 .data          0x0602c380        0x0 f:/saturn dev/joengine-master/compiler/windows/bin/../lib/gcc/sh-elf/9.3.0\libgcc.a(_si_to_df.o)
 .data          0x0602c380        0x0 f:/saturn dev/joengine-master/compiler/windows/bin/../lib/gcc/sh-elf/9.3.0\libgcc.a(_df_to_si.o)
 .data          0x0602c380        0x0 f:/saturn dev/joengine-master/compiler/windows/bin/../lib/gcc/sh-elf/9.3.0\libgcc.a(_make_df.o)
 .data          0x0602c380        0x0 f:/saturn dev/joengine-master/compiler/windows/bin/../lib/gcc/sh-elf/9.3.0\libgcc.a(_df_to_sf.o)
 .data          0x0602c380        0x0 f:/saturn dev/joengine-master/compiler/windows/bin/../lib/gcc/sh-elf/9.3.0\libgcc.a(_thenan_df.o)
 .data          0x0602c380        0x0 f:/saturn dev/joengine-master/compiler/windows/bin/../lib/gcc/sh-elf/9.3.0\libgcc.a(_clzsi2.o)
 .data          0x0602c380        0x0 f:/saturn dev/joengine-master/compiler/windows/bin/../lib/gcc/sh-elf/9.3.0\libgcc.a(_pack_sf.o)
 .data          0x0602c380        0x0 f:/saturn dev/joengine-master/compiler/windows/bin/../lib/gcc/sh-elf/9.3.0\libgcc.a(_unpack_sf.o)